Analysis & Synthesis report for Actividad2
Sat Oct 26 17:16:26 2019
Quartus Prime Version 18.0.0 Build 614 04/24/2018 SJ Lite Edition


---------------------
; Table of Contents ;
---------------------
  1. Legal Notice
  2. Analysis & Synthesis Summary
  3. Analysis & Synthesis Settings
  4. Parallel Compilation
  5. Analysis & Synthesis Source Files Read
  6. Analysis & Synthesis Resource Usage Summary
  7. Analysis & Synthesis Resource Utilization by Entity
  8. General Register Statistics
  9. Multiplexer Restructuring Statistics (Restructuring Performed)
 10. Port Connectivity Checks: "bcd2hex:b2h1"
 11. Port Connectivity Checks: "bin2bcd:b2b1|shiftadd:c6"
 12. Port Connectivity Checks: "bin2bcd:b2b1|shiftadd:c1"
 13. Port Connectivity Checks: "demultiplexor:dm1"
 14. Post-Synthesis Netlist Statistics for Top Partition
 15. Elapsed Time Per Partition
 16. Analysis & Synthesis Messages



----------------
; Legal Notice ;
----------------
Copyright (C) 2018  Intel Corporation. All rights reserved.
Your use of Intel Corporation's design tools, logic functions 
and other software and tools, and its AMPP partner logic 
functions, and any output files from any of the foregoing 
(including device programming or simulation files), and any 
associated documentation or information are expressly subject 
to the terms and conditions of the Intel Program License 
Subscription Agreement, the Intel Quartus Prime License Agreement,
the Intel FPGA IP License Agreement, or other applicable license
agreement, including, without limitation, that your use is for
the sole purpose of programming logic devices manufactured by
Intel and sold by Intel or its authorized distributors.  Please
refer to the applicable agreement for further details.



+-------------------------------------------------------------------------------+
; Analysis & Synthesis Summary                                                  ;
+---------------------------------+---------------------------------------------+
; Analysis & Synthesis Status     ; Successful - Sat Oct 26 17:16:26 2019       ;
; Quartus Prime Version           ; 18.0.0 Build 614 04/24/2018 SJ Lite Edition ;
; Revision Name                   ; Actividad2                                  ;
; Top-level Entity Name           ; Actividad2                                  ;
; Family                          ; Cyclone V                                   ;
; Logic utilization (in ALMs)     ; N/A                                         ;
; Total registers                 ; 70                                          ;
; Total pins                      ; 43                                          ;
; Total virtual pins              ; 0                                           ;
; Total block memory bits         ; 0                                           ;
; Total DSP Blocks                ; 0                                           ;
; Total HSSI RX PCSs              ; 0                                           ;
; Total HSSI PMA RX Deserializers ; 0                                           ;
; Total HSSI TX PCSs              ; 0                                           ;
; Total HSSI PMA TX Serializers   ; 0                                           ;
; Total PLLs                      ; 0                                           ;
; Total DLLs                      ; 0                                           ;
+---------------------------------+---------------------------------------------+


+---------------------------------------------------------------------------------------------------------------------------+
; Analysis & Synthesis Settings                                                                                             ;
+---------------------------------------------------------------------------------+--------------------+--------------------+
; Option                                                                          ; Setting            ; Default Value      ;
+---------------------------------------------------------------------------------+--------------------+--------------------+
; Device                                                                          ; 5CSEMA5F31C6       ;                    ;
; Top-level entity name                                                           ; Actividad2         ; Actividad2         ;
; Family name                                                                     ; Cyclone V          ; Cyclone V          ;
; Use smart compilation                                                           ; Off                ; Off                ;
; Enable parallel Assembler and Timing Analyzer during compilation                ; On                 ; On                 ;
; Enable compact report table                                                     ; Off                ; Off                ;
; Restructure Multiplexers                                                        ; Auto               ; Auto               ;
; MLAB Add Timing Constraints For Mixed-Port Feed-Through Mode Setting Don't Care ; Off                ; Off                ;
; Create Debugging Nodes for IP Cores                                             ; Off                ; Off                ;
; Preserve fewer node names                                                       ; On                 ; On                 ;
; Intel FPGA IP Evaluation Mode                                                   ; Enable             ; Enable             ;
; Verilog Version                                                                 ; Verilog_2001       ; Verilog_2001       ;
; VHDL Version                                                                    ; VHDL_1993          ; VHDL_1993          ;
; State Machine Processing                                                        ; Auto               ; Auto               ;
; Safe State Machine                                                              ; Off                ; Off                ;
; Extract Verilog State Machines                                                  ; On                 ; On                 ;
; Extract VHDL State Machines                                                     ; On                 ; On                 ;
; Ignore Verilog initial constructs                                               ; Off                ; Off                ;
; Iteration limit for constant Verilog loops                                      ; 5000               ; 5000               ;
; Iteration limit for non-constant Verilog loops                                  ; 250                ; 250                ;
; Add Pass-Through Logic to Inferred RAMs                                         ; On                 ; On                 ;
; Infer RAMs from Raw Logic                                                       ; On                 ; On                 ;
; Parallel Synthesis                                                              ; On                 ; On                 ;
; DSP Block Balancing                                                             ; Auto               ; Auto               ;
; NOT Gate Push-Back                                                              ; On                 ; On                 ;
; Power-Up Don't Care                                                             ; On                 ; On                 ;
; Remove Redundant Logic Cells                                                    ; Off                ; Off                ;
; Remove Duplicate Registers                                                      ; On                 ; On                 ;
; Ignore CARRY Buffers                                                            ; Off                ; Off                ;
; Ignore CASCADE Buffers                                                          ; Off                ; Off                ;
; Ignore GLOBAL Buffers                                                           ; Off                ; Off                ;
; Ignore ROW GLOBAL Buffers                                                       ; Off                ; Off                ;
; Ignore LCELL Buffers                                                            ; Off                ; Off                ;
; Ignore SOFT Buffers                                                             ; On                 ; On                 ;
; Limit AHDL Integers to 32 Bits                                                  ; Off                ; Off                ;
; Optimization Technique                                                          ; Balanced           ; Balanced           ;
; Carry Chain Length                                                              ; 70                 ; 70                 ;
; Auto Carry Chains                                                               ; On                 ; On                 ;
; Auto Open-Drain Pins                                                            ; On                 ; On                 ;
; Perform WYSIWYG Primitive Resynthesis                                           ; Off                ; Off                ;
; Auto ROM Replacement                                                            ; On                 ; On                 ;
; Auto RAM Replacement                                                            ; On                 ; On                 ;
; Auto DSP Block Replacement                                                      ; On                 ; On                 ;
; Auto Shift Register Replacement                                                 ; Auto               ; Auto               ;
; Allow Shift Register Merging across Hierarchies                                 ; Auto               ; Auto               ;
; Auto Clock Enable Replacement                                                   ; On                 ; On                 ;
; Strict RAM Replacement                                                          ; Off                ; Off                ;
; Allow Synchronous Control Signals                                               ; On                 ; On                 ;
; Force Use of Synchronous Clear Signals                                          ; Off                ; Off                ;
; Auto Resource Sharing                                                           ; Off                ; Off                ;
; Allow Any RAM Size For Recognition                                              ; Off                ; Off                ;
; Allow Any ROM Size For Recognition                                              ; Off                ; Off                ;
; Allow Any Shift Register Size For Recognition                                   ; Off                ; Off                ;
; Use LogicLock Constraints during Resource Balancing                             ; On                 ; On                 ;
; Ignore translate_off and synthesis_off directives                               ; Off                ; Off                ;
; Timing-Driven Synthesis                                                         ; On                 ; On                 ;
; Report Parameter Settings                                                       ; On                 ; On                 ;
; Report Source Assignments                                                       ; On                 ; On                 ;
; Report Connectivity Checks                                                      ; On                 ; On                 ;
; Ignore Maximum Fan-Out Assignments                                              ; Off                ; Off                ;
; Synchronization Register Chain Length                                           ; 3                  ; 3                  ;
; Power Optimization During Synthesis                                             ; Normal compilation ; Normal compilation ;
; HDL message level                                                               ; Level2             ; Level2             ;
; Suppress Register Optimization Related Messages                                 ; Off                ; Off                ;
; Number of Removed Registers Reported in Synthesis Report                        ; 5000               ; 5000               ;
; Number of Swept Nodes Reported in Synthesis Report                              ; 5000               ; 5000               ;
; Number of Inverted Registers Reported in Synthesis Report                       ; 100                ; 100                ;
; Clock MUX Protection                                                            ; On                 ; On                 ;
; Auto Gated Clock Conversion                                                     ; Off                ; Off                ;
; Block Design Naming                                                             ; Auto               ; Auto               ;
; SDC constraint protection                                                       ; Off                ; Off                ;
; Synthesis Effort                                                                ; Auto               ; Auto               ;
; Shift Register Replacement - Allow Asynchronous Clear Signal                    ; On                 ; On                 ;
; Pre-Mapping Resynthesis Optimization                                            ; Off                ; Off                ;
; Analysis & Synthesis Message Level                                              ; Medium             ; Medium             ;
; Disable Register Merging Across Hierarchies                                     ; Auto               ; Auto               ;
; Resource Aware Inference For Block RAM                                          ; On                 ; On                 ;
; Automatic Parallel Synthesis                                                    ; On                 ; On                 ;
; Partial Reconfiguration Bitstream ID                                            ; Off                ; Off                ;
+---------------------------------------------------------------------------------+--------------------+--------------------+


+------------------------------------------+
; Parallel Compilation                     ;
+----------------------------+-------------+
; Processors                 ; Number      ;
+----------------------------+-------------+
; Number detected on machine ; 4           ;
; Maximum allowed            ; 2           ;
;                            ;             ;
; Average used               ; 1.00        ;
; Maximum used               ; 2           ;
;                            ;             ;
; Usage by Processor         ; % Time Used ;
;     Processor 1            ; 100.0%      ;
;     Processor 2            ;   0.0%      ;
+----------------------------+-------------+


+-------------------------------------------------------------------------------------------------------------------------------------------------------------------------------------------------+
; Analysis & Synthesis Source Files Read                                                                                                                                                          ;
+----------------------------------+-----------------+------------------------------+---------------------------------------------------------------------------------------------------+---------+
; File Name with User-Entered Path ; Used in Netlist ; File Type                    ; File Name with Absolute Path                                                                      ; Library ;
+----------------------------------+-----------------+------------------------------+---------------------------------------------------------------------------------------------------+---------+
; A.v                              ; yes             ; User Verilog HDL File        ; /home/manuel/Repos/laboratorios-embebidos/Laboratorio6/Actividad2/Proyecto/A.v                    ;         ;
; B.v                              ; yes             ; User Verilog HDL File        ; /home/manuel/Repos/laboratorios-embebidos/Laboratorio6/Actividad2/Proyecto/B.v                    ;         ;
; Demultiplexor.v                  ; yes             ; User Verilog HDL File        ; /home/manuel/Repos/laboratorios-embebidos/Laboratorio6/Actividad2/Proyecto/Demultiplexor.v        ;         ;
; Contador.v                       ; yes             ; User Verilog HDL File        ; /home/manuel/Repos/laboratorios-embebidos/Laboratorio6/Actividad2/Proyecto/Contador.v             ;         ;
; Registro.v                       ; yes             ; User Verilog HDL File        ; /home/manuel/Repos/laboratorios-embebidos/Laboratorio6/Actividad2/Proyecto/Registro.v             ;         ;
; Demultiplexor_1linea.v           ; yes             ; User Verilog HDL File        ; /home/manuel/Repos/laboratorios-embebidos/Laboratorio6/Actividad2/Proyecto/Demultiplexor_1linea.v ;         ;
; Multiplexor.v                    ; yes             ; User Verilog HDL File        ; /home/manuel/Repos/laboratorios-embebidos/Laboratorio6/Actividad2/Proyecto/Multiplexor.v          ;         ;
; BCD2HEX.v                        ; yes             ; User Verilog HDL File        ; /home/manuel/Repos/laboratorios-embebidos/Laboratorio6/Actividad2/Proyecto/BCD2HEX.v              ;         ;
; Shiftadd.v                       ; yes             ; User Verilog HDL File        ; /home/manuel/Repos/laboratorios-embebidos/Laboratorio6/Actividad2/Proyecto/Shiftadd.v             ;         ;
; Bin2BCD.v                        ; yes             ; User Verilog HDL File        ; /home/manuel/Repos/laboratorios-embebidos/Laboratorio6/Actividad2/Proyecto/Bin2BCD.v              ;         ;
; Actividad2.v                     ; yes             ; Auto-Found Verilog HDL File  ; /home/manuel/Repos/laboratorios-embebidos/Laboratorio6/Actividad2/Proyecto/Actividad2.v           ;         ;
; C.v                              ; yes             ; Auto-Found Verilog HDL File  ; /home/manuel/Repos/laboratorios-embebidos/Laboratorio6/Actividad2/Proyecto/C.v                    ;         ;
; D.v                              ; yes             ; Auto-Found Verilog HDL File  ; /home/manuel/Repos/laboratorios-embebidos/Laboratorio6/Actividad2/Proyecto/D.v                    ;         ;
+----------------------------------+-----------------+------------------------------+---------------------------------------------------------------------------------------------------+---------+


+--------------------------------------------------------------------------------+
; Analysis & Synthesis Resource Usage Summary                                    ;
+---------------------------------------------+----------------------------------+
; Resource                                    ; Usage                            ;
+---------------------------------------------+----------------------------------+
; Estimate of Logic utilization (ALMs needed) ; 495                              ;
;                                             ;                                  ;
; Combinational ALUT usage for logic          ; 667                              ;
;     -- 7 input functions                    ; 0                                ;
;     -- 6 input functions                    ; 315                              ;
;     -- 5 input functions                    ; 131                              ;
;     -- 4 input functions                    ; 188                              ;
;     -- <=3 input functions                  ; 33                               ;
;                                             ;                                  ;
; Dedicated logic registers                   ; 70                               ;
;                                             ;                                  ;
; I/O pins                                    ; 43                               ;
;                                             ;                                  ;
; Total DSP Blocks                            ; 0                                ;
;                                             ;                                  ;
; Maximum fan-out node                        ; contador:cout|registro_cuenta[1] ;
; Maximum fan-out                             ; 25                               ;
; Total fan-out                               ; 3656                             ;
; Average fan-out                             ; 4.44                             ;
+---------------------------------------------+----------------------------------+


+---------------------------------------------------------------------------------------------------------------------------------------------------------------------------------------------------------------------+
; Analysis & Synthesis Resource Utilization by Entity                                                                                                                                                                 ;
+-------------------------------+---------------------+---------------------------+-------------------+------------+------+--------------+--------------------------------------+----------------------+--------------+
; Compilation Hierarchy Node    ; Combinational ALUTs ; Dedicated Logic Registers ; Block Memory Bits ; DSP Blocks ; Pins ; Virtual Pins ; Full Hierarchy Name                  ; Entity Name          ; Library Name ;
+-------------------------------+---------------------+---------------------------+-------------------+------------+------+--------------+--------------------------------------+----------------------+--------------+
; |Actividad2                   ; 667 (0)             ; 70 (0)                    ; 0                 ; 0          ; 43   ; 0            ; |Actividad2                          ; Actividad2           ; work         ;
;    |C:c1|                     ; 592 (0)             ; 0 (0)                     ; 0                 ; 0          ; 0    ; 0            ; |Actividad2|C:c1                     ; C                    ; work         ;
;       |A:a1|                  ; 29 (29)             ; 0 (0)                     ; 0                 ; 0          ; 0    ; 0            ; |Actividad2|C:c1|A:a1                ; A                    ; work         ;
;       |A:a2|                  ; 29 (29)             ; 0 (0)                     ; 0                 ; 0          ; 0    ; 0            ; |Actividad2|C:c1|A:a2                ; A                    ; work         ;
;       |A:a3|                  ; 29 (29)             ; 0 (0)                     ; 0                 ; 0          ; 0    ; 0            ; |Actividad2|C:c1|A:a3                ; A                    ; work         ;
;       |A:a4|                  ; 29 (29)             ; 0 (0)                     ; 0                 ; 0          ; 0    ; 0            ; |Actividad2|C:c1|A:a4                ; A                    ; work         ;
;       |B:b1|                  ; 148 (0)             ; 0 (0)                     ; 0                 ; 0          ; 0    ; 0            ; |Actividad2|C:c1|B:b1                ; B                    ; work         ;
;          |A:a1|               ; 22 (22)             ; 0 (0)                     ; 0                 ; 0          ; 0    ; 0            ; |Actividad2|C:c1|B:b1|A:a1           ; A                    ; work         ;
;          |A:a2|               ; 22 (22)             ; 0 (0)                     ; 0                 ; 0          ; 0    ; 0            ; |Actividad2|C:c1|B:b1|A:a2           ; A                    ; work         ;
;          |A:a3|               ; 27 (27)             ; 0 (0)                     ; 0                 ; 0          ; 0    ; 0            ; |Actividad2|C:c1|B:b1|A:a3           ; A                    ; work         ;
;          |A:a4|               ; 27 (27)             ; 0 (0)                     ; 0                 ; 0          ; 0    ; 0            ; |Actividad2|C:c1|B:b1|A:a4           ; A                    ; work         ;
;          |A:a5|               ; 25 (25)             ; 0 (0)                     ; 0                 ; 0          ; 0    ; 0            ; |Actividad2|C:c1|B:b1|A:a5           ; A                    ; work         ;
;          |A:a6|               ; 25 (25)             ; 0 (0)                     ; 0                 ; 0          ; 0    ; 0            ; |Actividad2|C:c1|B:b1|A:a6           ; A                    ; work         ;
;       |B:b2|                  ; 192 (0)             ; 0 (0)                     ; 0                 ; 0          ; 0    ; 0            ; |Actividad2|C:c1|B:b2                ; B                    ; work         ;
;          |A:a1|               ; 22 (22)             ; 0 (0)                     ; 0                 ; 0          ; 0    ; 0            ; |Actividad2|C:c1|B:b2|A:a1           ; A                    ; work         ;
;          |A:a2|               ; 22 (22)             ; 0 (0)                     ; 0                 ; 0          ; 0    ; 0            ; |Actividad2|C:c1|B:b2|A:a2           ; A                    ; work         ;
;          |A:a3|               ; 27 (27)             ; 0 (0)                     ; 0                 ; 0          ; 0    ; 0            ; |Actividad2|C:c1|B:b2|A:a3           ; A                    ; work         ;
;          |A:a4|               ; 27 (27)             ; 0 (0)                     ; 0                 ; 0          ; 0    ; 0            ; |Actividad2|C:c1|B:b2|A:a4           ; A                    ; work         ;
;          |A:a5|               ; 47 (47)             ; 0 (0)                     ; 0                 ; 0          ; 0    ; 0            ; |Actividad2|C:c1|B:b2|A:a5           ; A                    ; work         ;
;          |A:a6|               ; 47 (47)             ; 0 (0)                     ; 0                 ; 0          ; 0    ; 0            ; |Actividad2|C:c1|B:b2|A:a6           ; A                    ; work         ;
;       |D:d1|                  ; 68 (0)              ; 0 (0)                     ; 0                 ; 0          ; 0    ; 0            ; |Actividad2|C:c1|D:d1                ; D                    ; work         ;
;          |A:a1|               ; 25 (25)             ; 0 (0)                     ; 0                 ; 0          ; 0    ; 0            ; |Actividad2|C:c1|D:d1|A:a1           ; A                    ; work         ;
;          |A:a2|               ; 27 (27)             ; 0 (0)                     ; 0                 ; 0          ; 0    ; 0            ; |Actividad2|C:c1|D:d1|A:a2           ; A                    ; work         ;
;          |A:a3|               ; 8 (8)               ; 0 (0)                     ; 0                 ; 0          ; 0    ; 0            ; |Actividad2|C:c1|D:d1|A:a3           ; A                    ; work         ;
;          |A:a4|               ; 8 (8)               ; 0 (0)                     ; 0                 ; 0          ; 0    ; 0            ; |Actividad2|C:c1|D:d1|A:a4           ; A                    ; work         ;
;       |D:d2|                  ; 68 (0)              ; 0 (0)                     ; 0                 ; 0          ; 0    ; 0            ; |Actividad2|C:c1|D:d2                ; D                    ; work         ;
;          |A:a1|               ; 27 (27)             ; 0 (0)                     ; 0                 ; 0          ; 0    ; 0            ; |Actividad2|C:c1|D:d2|A:a1           ; A                    ; work         ;
;          |A:a2|               ; 27 (27)             ; 0 (0)                     ; 0                 ; 0          ; 0    ; 0            ; |Actividad2|C:c1|D:d2|A:a2           ; A                    ; work         ;
;          |A:a3|               ; 7 (7)               ; 0 (0)                     ; 0                 ; 0          ; 0    ; 0            ; |Actividad2|C:c1|D:d2|A:a3           ; A                    ; work         ;
;          |A:a4|               ; 7 (7)               ; 0 (0)                     ; 0                 ; 0          ; 0    ; 0            ; |Actividad2|C:c1|D:d2|A:a4           ; A                    ; work         ;
;    |bcd2hex:b2h1|             ; 3 (3)               ; 0 (0)                     ; 0                 ; 0          ; 0    ; 0            ; |Actividad2|bcd2hex:b2h1             ; bcd2hex              ; work         ;
;    |bcd2hex:b2h2|             ; 7 (7)               ; 0 (0)                     ; 0                 ; 0          ; 0    ; 0            ; |Actividad2|bcd2hex:b2h2             ; bcd2hex              ; work         ;
;    |bcd2hex:b2h3|             ; 7 (7)               ; 0 (0)                     ; 0                 ; 0          ; 0    ; 0            ; |Actividad2|bcd2hex:b2h3             ; bcd2hex              ; work         ;
;    |bin2bcd:b2b1|             ; 10 (0)              ; 0 (0)                     ; 0                 ; 0          ; 0    ; 0            ; |Actividad2|bin2bcd:b2b1             ; bin2bcd              ; work         ;
;       |shiftadd:c4|           ; 3 (3)               ; 0 (0)                     ; 0                 ; 0          ; 0    ; 0            ; |Actividad2|bin2bcd:b2b1|shiftadd:c4 ; shiftadd             ; work         ;
;       |shiftadd:c5|           ; 4 (4)               ; 0 (0)                     ; 0                 ; 0          ; 0    ; 0            ; |Actividad2|bin2bcd:b2b1|shiftadd:c5 ; shiftadd             ; work         ;
;       |shiftadd:c7|           ; 3 (3)               ; 0 (0)                     ; 0                 ; 0          ; 0    ; 0            ; |Actividad2|bin2bcd:b2b1|shiftadd:c7 ; shiftadd             ; work         ;
;    |contador:cin|             ; 3 (3)               ; 3 (3)                     ; 0                 ; 0          ; 0    ; 0            ; |Actividad2|contador:cin             ; contador             ; work         ;
;    |contador:cout|            ; 3 (3)               ; 3 (3)                     ; 0                 ; 0          ; 0    ; 0            ; |Actividad2|contador:cout            ; contador             ; work         ;
;    |demultiplexor_1linea:dm2| ; 16 (16)             ; 0 (0)                     ; 0                 ; 0          ; 0    ; 0            ; |Actividad2|demultiplexor_1linea:dm2 ; demultiplexor_1linea ; work         ;
;    |multiplexor:MS|           ; 26 (26)             ; 0 (0)                     ; 0                 ; 0          ; 0    ; 0            ; |Actividad2|multiplexor:MS           ; multiplexor          ; work         ;
;    |registro:r1|              ; 0 (0)               ; 8 (8)                     ; 0                 ; 0          ; 0    ; 0            ; |Actividad2|registro:r1              ; registro             ; work         ;
;    |registro:r2|              ; 0 (0)               ; 8 (8)                     ; 0                 ; 0          ; 0    ; 0            ; |Actividad2|registro:r2              ; registro             ; work         ;
;    |registro:r3|              ; 0 (0)               ; 8 (8)                     ; 0                 ; 0          ; 0    ; 0            ; |Actividad2|registro:r3              ; registro             ; work         ;
;    |registro:r4|              ; 0 (0)               ; 8 (8)                     ; 0                 ; 0          ; 0    ; 0            ; |Actividad2|registro:r4              ; registro             ; work         ;
;    |registro:r5|              ; 0 (0)               ; 8 (8)                     ; 0                 ; 0          ; 0    ; 0            ; |Actividad2|registro:r5              ; registro             ; work         ;
;    |registro:r6|              ; 0 (0)               ; 8 (8)                     ; 0                 ; 0          ; 0    ; 0            ; |Actividad2|registro:r6              ; registro             ; work         ;
;    |registro:r7|              ; 0 (0)               ; 8 (8)                     ; 0                 ; 0          ; 0    ; 0            ; |Actividad2|registro:r7              ; registro             ; work         ;
;    |registro:r8|              ; 0 (0)               ; 8 (8)                     ; 0                 ; 0          ; 0    ; 0            ; |Actividad2|registro:r8              ; registro             ; work         ;
+-------------------------------+---------------------+---------------------------+-------------------+------------+------+--------------+--------------------------------------+----------------------+--------------+
Note: For table entries with two numbers listed, the numbers in parentheses indicate the number of resources of the given type used by the specific entity alone. The numbers listed outside of parentheses indicate the total resources of the given type used by the specific entity and all of its sub-entities in the hierarchy.


+------------------------------------------------------+
; General Register Statistics                          ;
+----------------------------------------------+-------+
; Statistic                                    ; Value ;
+----------------------------------------------+-------+
; Total registers                              ; 70    ;
; Number of registers using Synchronous Clear  ; 64    ;
; Number of registers using Synchronous Load   ; 0     ;
; Number of registers using Asynchronous Clear ; 0     ;
; Number of registers using Asynchronous Load  ; 0     ;
; Number of registers using Clock Enable       ; 0     ;
; Number of registers using Preset             ; 0     ;
+----------------------------------------------+-------+


+-----------------------------------------------------------------------------------------------------------------------------------------------+
; Multiplexer Restructuring Statistics (Restructuring Performed)                                                                                ;
+--------------------+-----------+---------------+----------------------+------------------------+------------+---------------------------------+
; Multiplexer Inputs ; Bus Width ; Baseline Area ; Area if Restructured ; Saving if Restructured ; Registered ; Example Multiplexer Output      ;
+--------------------+-----------+---------------+----------------------+------------------------+------------+---------------------------------+
; 16:1               ; 8 bits    ; 80 LEs        ; 40 LEs               ; 40 LEs                 ; No         ; |Actividad2|multiplexor:MS|Mux5 ;
+--------------------+-----------+---------------+----------------------+------------------------+------------+---------------------------------+


+---------------------------------------------+
; Port Connectivity Checks: "bcd2hex:b2h1"    ;
+-----------+-------+----------+--------------+
; Port      ; Type  ; Severity ; Details      ;
+-----------+-------+----------+--------------+
; bcd[3..2] ; Input ; Info     ; Stuck at GND ;
+-----------+-------+----------+--------------+


+----------------------------------------------------------------------------------------------------------------------------------------------------------------------------------------------------------------+
; Port Connectivity Checks: "bin2bcd:b2b1|shiftadd:c6"                                                                                                                                                           ;
+--------+-------+----------+------------------------------------------------------------------------------------------------------------------------------------------------------------------------------------+
; Port   ; Type  ; Severity ; Details                                                                                                                                                                            ;
+--------+-------+----------+------------------------------------------------------------------------------------------------------------------------------------------------------------------------------------+
; a3     ; Input ; Warning  ; Input port expression (32 bits) is wider than the input port (1 bits) it drives.  The 31 most-significant bit(s) in the expression will be dangling if they have no other fanouts. ;
; a3[-1] ; Input ; Info     ; Stuck at GND                                                                                                                                                                       ;
+--------+-------+----------+------------------------------------------------------------------------------------------------------------------------------------------------------------------------------------+


+----------------------------------------------------------------------------------------------------------------------------------------------------------------------------------------------------------------+
; Port Connectivity Checks: "bin2bcd:b2b1|shiftadd:c1"                                                                                                                                                           ;
+--------+-------+----------+------------------------------------------------------------------------------------------------------------------------------------------------------------------------------------+
; Port   ; Type  ; Severity ; Details                                                                                                                                                                            ;
+--------+-------+----------+------------------------------------------------------------------------------------------------------------------------------------------------------------------------------------+
; a3     ; Input ; Warning  ; Input port expression (32 bits) is wider than the input port (1 bits) it drives.  The 31 most-significant bit(s) in the expression will be dangling if they have no other fanouts. ;
; a3[-1] ; Input ; Info     ; Stuck at GND                                                                                                                                                                       ;
+--------+-------+----------+------------------------------------------------------------------------------------------------------------------------------------------------------------------------------------+


+-------------------------------------------------------------------------------------------------------------------------------------------------------------------------+
; Port Connectivity Checks: "demultiplexor:dm1"                                                                                                                           ;
+-------+-------+----------+----------------------------------------------------------------------------------------------------------------------------------------------+
; Port  ; Type  ; Severity ; Details                                                                                                                                      ;
+-------+-------+----------+----------------------------------------------------------------------------------------------------------------------------------------------+
; reloj ; Input ; Warning  ; Declared by entity but not connected by instance. If a default value exists, it will be used.  Otherwise, the port will be connected to GND. ;
+-------+-------+----------+----------------------------------------------------------------------------------------------------------------------------------------------+


+-----------------------------------------------------+
; Post-Synthesis Netlist Statistics for Top Partition ;
+-----------------------+-----------------------------+
; Type                  ; Count                       ;
+-----------------------+-----------------------------+
; arriav_ff             ; 70                          ;
;     SCLR              ; 64                          ;
;     plain             ; 6                           ;
; arriav_lcell_comb     ; 671                         ;
;     normal            ; 671                         ;
;         0 data inputs ; 1                           ;
;         1 data inputs ; 5                           ;
;         2 data inputs ; 13                          ;
;         3 data inputs ; 18                          ;
;         4 data inputs ; 188                         ;
;         5 data inputs ; 131                         ;
;         6 data inputs ; 315                         ;
; boundary_port         ; 43                          ;
;                       ;                             ;
; Max LUT depth         ; 24.00                       ;
; Average LUT depth     ; 22.38                       ;
+-----------------------+-----------------------------+


+-------------------------------+
; Elapsed Time Per Partition    ;
+----------------+--------------+
; Partition Name ; Elapsed Time ;
+----------------+--------------+
; Top            ; 00:00:13     ;
+----------------+--------------+


+-------------------------------+
; Analysis & Synthesis Messages ;
+-------------------------------+
Info: *******************************************************************
Info: Running Quartus Prime Analysis & Synthesis
    Info: Version 18.0.0 Build 614 04/24/2018 SJ Lite Edition
    Info: Processing started: Sat Oct 26 17:15:47 2019
Info: Command: quartus_map --read_settings_files=on --write_settings_files=off Actividad2 -c Actividad2
Warning (18236): Number of processors has not been specified which may cause overloading on shared machines.  Set the global assignment NUM_PARALLEL_PROCESSORS in your QSF to an appropriate value for best performance.
Info (20030): Parallel compilation is enabled and will use 2 of the 2 processors detected
Info (12021): Found 1 design units, including 1 entities, in source file A.v
    Info (12023): Found entity 1: A File: /home/manuel/Repos/laboratorios-embebidos/Laboratorio6/Actividad2/Proyecto/A.v Line: 1
Info (12021): Found 1 design units, including 1 entities, in source file B.v
    Info (12023): Found entity 1: B File: /home/manuel/Repos/laboratorios-embebidos/Laboratorio6/Actividad2/Proyecto/B.v Line: 1
Info (12021): Found 1 design units, including 1 entities, in source file Demultiplexor.v
    Info (12023): Found entity 1: demultiplexor File: /home/manuel/Repos/laboratorios-embebidos/Laboratorio6/Actividad2/Proyecto/Demultiplexor.v Line: 1
Info (12021): Found 1 design units, including 1 entities, in source file Contador.v
    Info (12023): Found entity 1: contador File: /home/manuel/Repos/laboratorios-embebidos/Laboratorio6/Actividad2/Proyecto/Contador.v Line: 1
Info (12021): Found 1 design units, including 1 entities, in source file Registro.v
    Info (12023): Found entity 1: registro File: /home/manuel/Repos/laboratorios-embebidos/Laboratorio6/Actividad2/Proyecto/Registro.v Line: 1
Info (12021): Found 1 design units, including 1 entities, in source file Demultiplexor_1linea.v
    Info (12023): Found entity 1: demultiplexor_1linea File: /home/manuel/Repos/laboratorios-embebidos/Laboratorio6/Actividad2/Proyecto/Demultiplexor_1linea.v Line: 1
Info (12021): Found 1 design units, including 1 entities, in source file Multiplexor.v
    Info (12023): Found entity 1: multiplexor File: /home/manuel/Repos/laboratorios-embebidos/Laboratorio6/Actividad2/Proyecto/Multiplexor.v Line: 1
Info (12021): Found 1 design units, including 1 entities, in source file BCD2HEX.v
    Info (12023): Found entity 1: bcd2hex File: /home/manuel/Repos/laboratorios-embebidos/Laboratorio6/Actividad2/Proyecto/BCD2HEX.v Line: 1
Info (12021): Found 1 design units, including 1 entities, in source file Shiftadd.v
    Info (12023): Found entity 1: shiftadd File: /home/manuel/Repos/laboratorios-embebidos/Laboratorio6/Actividad2/Proyecto/Shiftadd.v Line: 1
Info (12021): Found 1 design units, including 1 entities, in source file Bin2BCD.v
    Info (12023): Found entity 1: bin2bcd File: /home/manuel/Repos/laboratorios-embebidos/Laboratorio6/Actividad2/Proyecto/Bin2BCD.v Line: 1
Warning (12125): Using design file Actividad2.v, which is not specified as a design file for the current project, but contains definitions for 1 design units and 1 entities in project
    Info (12023): Found entity 1: Actividad2 File: /home/manuel/Repos/laboratorios-embebidos/Laboratorio6/Actividad2/Proyecto/Actividad2.v Line: 5
Info (12127): Elaborating entity "Actividad2" for the top level hierarchy
Info (12128): Elaborating entity "contador" for hierarchy "contador:cin" File: /home/manuel/Repos/laboratorios-embebidos/Laboratorio6/Actividad2/Proyecto/Actividad2.v Line: 79
Info (12128): Elaborating entity "demultiplexor" for hierarchy "demultiplexor:dm1" File: /home/manuel/Repos/laboratorios-embebidos/Laboratorio6/Actividad2/Proyecto/Actividad2.v Line: 92
Info (12128): Elaborating entity "demultiplexor_1linea" for hierarchy "demultiplexor_1linea:dm2" File: /home/manuel/Repos/laboratorios-embebidos/Laboratorio6/Actividad2/Proyecto/Actividad2.v Line: 105
Info (12128): Elaborating entity "registro" for hierarchy "registro:r1" File: /home/manuel/Repos/laboratorios-embebidos/Laboratorio6/Actividad2/Proyecto/Actividad2.v Line: 122
Warning (12125): Using design file C.v, which is not specified as a design file for the current project, but contains definitions for 1 design units and 1 entities in project
    Info (12023): Found entity 1: C File: /home/manuel/Repos/laboratorios-embebidos/Laboratorio6/Actividad2/Proyecto/C.v Line: 1
Info (12128): Elaborating entity "C" for hierarchy "C:c1" File: /home/manuel/Repos/laboratorios-embebidos/Laboratorio6/Actividad2/Proyecto/Actividad2.v Line: 176
Info (12128): Elaborating entity "B" for hierarchy "C:c1|B:b1" File: /home/manuel/Repos/laboratorios-embebidos/Laboratorio6/Actividad2/Proyecto/C.v Line: 60
Info (12128): Elaborating entity "A" for hierarchy "C:c1|B:b1|A:a1" File: /home/manuel/Repos/laboratorios-embebidos/Laboratorio6/Actividad2/Proyecto/B.v Line: 35
Warning (12125): Using design file D.v, which is not specified as a design file for the current project, but contains definitions for 1 design units and 1 entities in project
    Info (12023): Found entity 1: D File: /home/manuel/Repos/laboratorios-embebidos/Laboratorio6/Actividad2/Proyecto/D.v Line: 1
Info (12128): Elaborating entity "D" for hierarchy "C:c1|D:d1" File: /home/manuel/Repos/laboratorios-embebidos/Laboratorio6/Actividad2/Proyecto/C.v Line: 105
Info (12128): Elaborating entity "multiplexor" for hierarchy "multiplexor:MS" File: /home/manuel/Repos/laboratorios-embebidos/Laboratorio6/Actividad2/Proyecto/Actividad2.v Line: 194
Info (12128): Elaborating entity "bin2bcd" for hierarchy "bin2bcd:b2b1" File: /home/manuel/Repos/laboratorios-embebidos/Laboratorio6/Actividad2/Proyecto/Actividad2.v Line: 218
Info (12128): Elaborating entity "shiftadd" for hierarchy "bin2bcd:b2b1|shiftadd:c1" File: /home/manuel/Repos/laboratorios-embebidos/Laboratorio6/Actividad2/Proyecto/Bin2BCD.v Line: 33
Info (12128): Elaborating entity "bcd2hex" for hierarchy "bcd2hex:b2h1" File: /home/manuel/Repos/laboratorios-embebidos/Laboratorio6/Actividad2/Proyecto/Actividad2.v Line: 223
Warning (12241): 3 hierarchies have connectivity warnings - see the Connectivity Checks report folder
Warning (13024): Output pins are stuck at VCC or GND
    Warning (13410): Pin "HEX2[1]" is stuck at GND File: /home/manuel/Repos/laboratorios-embebidos/Laboratorio6/Actividad2/Proyecto/Actividad2.v Line: 9
Info (286030): Timing-Driven Synthesis is running
Info (16010): Generating hard_block partition "hard_block:auto_generated_inst"
    Info (16011): Adding 0 node(s), including 0 DDIO, 0 PLL, 0 transceiver and 0 LCELL
Warning (21074): Design contains 1 input pin(s) that do not drive logic
    Warning (15610): No output dependent on input pin "KEY[0]" File: /home/manuel/Repos/laboratorios-embebidos/Laboratorio6/Actividad2/Proyecto/Actividad2.v Line: 12
Info (21057): Implemented 774 device resources after synthesis - the final resource count might be different
    Info (21058): Implemented 12 input pins
    Info (21059): Implemented 31 output pins
    Info (21061): Implemented 731 logic cells
Info: Quartus Prime Analysis & Synthesis was successful. 0 errors, 9 warnings
    Info: Peak virtual memory: 995 megabytes
    Info: Processing ended: Sat Oct 26 17:16:26 2019
    Info: Elapsed time: 00:00:39
    Info: Total CPU time (on all processors): 00:01:13


