Archive member included to satisfy reference by file (symbol)

../Actividad3_bsp/\libhal_bsp.a(alt_load.o)
                              ../Actividad3_bsp//obj/HAL/src/crt0.o (alt_load)
../Actividad3_bsp/\libhal_bsp.a(alt_main.o)
                              ../Actividad3_bsp//obj/HAL/src/crt0.o (alt_main)
../Actividad3_bsp/\libhal_bsp.a(alt_sys_init.o)
                              ../Actividad3_bsp/\libhal_bsp.a(alt_main.o) (alt_irq_init)
../Actividad3_bsp/\libhal_bsp.a(altera_avalon_jtag_uart_fd.o)
                              ../Actividad3_bsp/\libhal_bsp.a(alt_sys_init.o) (altera_avalon_jtag_uart_read_fd)
../Actividad3_bsp/\libhal_bsp.a(altera_avalon_jtag_uart_init.o)
                              ../Actividad3_bsp/\libhal_bsp.a(alt_sys_init.o) (altera_avalon_jtag_uart_init)
../Actividad3_bsp/\libhal_bsp.a(altera_avalon_jtag_uart_ioctl.o)
                              ../Actividad3_bsp/\libhal_bsp.a(altera_avalon_jtag_uart_fd.o) (altera_avalon_jtag_uart_ioctl)
../Actividad3_bsp/\libhal_bsp.a(altera_avalon_jtag_uart_read.o)
                              ../Actividad3_bsp/\libhal_bsp.a(altera_avalon_jtag_uart_fd.o) (altera_avalon_jtag_uart_read)
../Actividad3_bsp/\libhal_bsp.a(altera_avalon_jtag_uart_write.o)
                              ../Actividad3_bsp/\libhal_bsp.a(altera_avalon_jtag_uart_fd.o) (altera_avalon_jtag_uart_write)
../Actividad3_bsp/\libhal_bsp.a(alt_alarm_start.o)
                              ../Actividad3_bsp/\libhal_bsp.a(altera_avalon_jtag_uart_init.o) (alt_alarm_start)
../Actividad3_bsp/\libhal_bsp.a(alt_close.o)
                              ../Actividad3_bsp/\libhal_bsp.a(alt_main.o) (close)
../Actividad3_bsp/\libhal_bsp.a(alt_dcache_flush_all.o)
                              ../Actividad3_bsp/\libhal_bsp.a(alt_load.o) (alt_dcache_flush_all)
../Actividad3_bsp/\libhal_bsp.a(alt_dev.o)
                              ../Actividad3_bsp/\libhal_bsp.a(alt_sys_init.o) (alt_dev_list)
../Actividad3_bsp/\libhal_bsp.a(alt_dev_llist_insert.o)
                              ../Actividad3_bsp/\libhal_bsp.a(alt_sys_init.o) (alt_dev_llist_insert)
../Actividad3_bsp/\libhal_bsp.a(alt_do_ctors.o)
                              ../Actividad3_bsp/\libhal_bsp.a(alt_main.o) (_do_ctors)
../Actividad3_bsp/\libhal_bsp.a(alt_do_dtors.o)
                              ../Actividad3_bsp/\libhal_bsp.a(alt_main.o) (_do_dtors)
../Actividad3_bsp/\libhal_bsp.a(alt_errno.o)
                              ../Actividad3_bsp/\libhal_bsp.a(alt_close.o) (alt_errno)
../Actividad3_bsp/\libhal_bsp.a(alt_icache_flush_all.o)
                              ../Actividad3_bsp/\libhal_bsp.a(alt_load.o) (alt_icache_flush_all)
../Actividad3_bsp/\libhal_bsp.a(alt_iic.o)
                              ../Actividad3_bsp/\libhal_bsp.a(altera_avalon_jtag_uart_init.o) (alt_ic_isr_register)
../Actividad3_bsp/\libhal_bsp.a(alt_iic_isr_register.o)
                              ../Actividad3_bsp/\libhal_bsp.a(alt_iic.o) (alt_iic_isr_register)
../Actividad3_bsp/\libhal_bsp.a(alt_io_redirect.o)
                              ../Actividad3_bsp/\libhal_bsp.a(alt_main.o) (alt_io_redirect)
../Actividad3_bsp/\libhal_bsp.a(alt_irq_entry.o)
                              ../Actividad3_bsp/\libhal_bsp.a(alt_iic_isr_register.o) (alt_irq_entry)
../Actividad3_bsp/\libhal_bsp.a(alt_irq_handler.o)
                              ../Actividad3_bsp/\libhal_bsp.a(alt_iic_isr_register.o) (alt_irq)
../Actividad3_bsp/\libhal_bsp.a(alt_irq_vars.o)
                              ../Actividad3_bsp/\libhal_bsp.a(alt_iic.o) (alt_irq_active)
../Actividad3_bsp/\libhal_bsp.a(alt_open.o)
                              ../Actividad3_bsp/\libhal_bsp.a(alt_io_redirect.o) (open)
../Actividad3_bsp/\libhal_bsp.a(alt_release_fd.o)
                              ../Actividad3_bsp/\libhal_bsp.a(alt_close.o) (alt_release_fd)
../Actividad3_bsp/\libhal_bsp.a(alt_tick.o)
                              ../Actividad3_bsp/\libhal_bsp.a(altera_avalon_jtag_uart_init.o) (_alt_tick_rate)
../Actividad3_bsp/\libhal_bsp.a(altera_nios2_gen2_irq.o)
                              ../Actividad3_bsp/\libhal_bsp.a(alt_sys_init.o) (altera_nios2_gen2_irq_init)
../Actividad3_bsp/\libhal_bsp.a(alt_exception_entry.o)
                              ../Actividad3_bsp/\libhal_bsp.a(alt_irq_entry.o) (alt_exception)
../Actividad3_bsp/\libhal_bsp.a(alt_find_dev.o)
                              ../Actividad3_bsp/\libhal_bsp.a(alt_open.o) (alt_find_dev)
../Actividad3_bsp/\libhal_bsp.a(alt_find_file.o)
                              ../Actividad3_bsp/\libhal_bsp.a(alt_open.o) (alt_find_file)
../Actividad3_bsp/\libhal_bsp.a(alt_get_fd.o)
                              ../Actividad3_bsp/\libhal_bsp.a(alt_open.o) (alt_get_fd)
../Actividad3_bsp/\libhal_bsp.a(alt_icache_flush.o)
                              ../Actividad3_bsp/\libhal_bsp.a(alt_icache_flush_all.o) (alt_icache_flush)
../Actividad3_bsp/\libhal_bsp.a(alt_instruction_exception_entry.o)
                              ../Actividad3_bsp/\libhal_bsp.a(alt_exception_entry.o) (alt_instruction_exception_entry)
c:/intelfpga_lite/18.0/nios2eds/bin/gnu/h-x86_64-mingw32/bin/../lib/gcc/nios2-elf/5.3.0/../../../../../H-x86_64-mingw32/nios2-elf/lib\libc.a(lib_a-atexit.o)
                              ../Actividad3_bsp/\libhal_bsp.a(alt_main.o) (atexit)
c:/intelfpga_lite/18.0/nios2eds/bin/gnu/h-x86_64-mingw32/bin/../lib/gcc/nios2-elf/5.3.0/../../../../../H-x86_64-mingw32/nios2-elf/lib\libc.a(lib_a-exit.o)
                              ../Actividad3_bsp/\libhal_bsp.a(alt_main.o) (exit)
c:/intelfpga_lite/18.0/nios2eds/bin/gnu/h-x86_64-mingw32/bin/../lib/gcc/nios2-elf/5.3.0/../../../../../H-x86_64-mingw32/nios2-elf/lib\libc.a(lib_a-impure.o)
                              c:/intelfpga_lite/18.0/nios2eds/bin/gnu/h-x86_64-mingw32/bin/../lib/gcc/nios2-elf/5.3.0/../../../../../H-x86_64-mingw32/nios2-elf/lib\libc.a(lib_a-exit.o) (_global_impure_ptr)
c:/intelfpga_lite/18.0/nios2eds/bin/gnu/h-x86_64-mingw32/bin/../lib/gcc/nios2-elf/5.3.0/../../../../../H-x86_64-mingw32/nios2-elf/lib\libc.a(lib_a-int_errno.o)
                              ../Actividad3_bsp/\libhal_bsp.a(alt_close.o) (errno)
c:/intelfpga_lite/18.0/nios2eds/bin/gnu/h-x86_64-mingw32/bin/../lib/gcc/nios2-elf/5.3.0/../../../../../H-x86_64-mingw32/nios2-elf/lib\libc.a(lib_a-memcmp.o)
                              ../Actividad3_bsp/\libhal_bsp.a(alt_find_dev.o) (memcmp)
c:/intelfpga_lite/18.0/nios2eds/bin/gnu/h-x86_64-mingw32/bin/../lib/gcc/nios2-elf/5.3.0/../../../../../H-x86_64-mingw32/nios2-elf/lib\libc.a(lib_a-memcpy.o)
                              ../Actividad3_bsp/\libhal_bsp.a(altera_avalon_jtag_uart_read.o) (memcpy)
c:/intelfpga_lite/18.0/nios2eds/bin/gnu/h-x86_64-mingw32/bin/../lib/gcc/nios2-elf/5.3.0/../../../../../H-x86_64-mingw32/nios2-elf/lib\libc.a(lib_a-strlen.o)
                              ../Actividad3_bsp/\libhal_bsp.a(alt_find_dev.o) (strlen)
c:/intelfpga_lite/18.0/nios2eds/bin/gnu/h-x86_64-mingw32/bin/../lib/gcc/nios2-elf/5.3.0/../../../../../H-x86_64-mingw32/nios2-elf/lib\libc.a(lib_a-__atexit.o)
                              c:/intelfpga_lite/18.0/nios2eds/bin/gnu/h-x86_64-mingw32/bin/../lib/gcc/nios2-elf/5.3.0/../../../../../H-x86_64-mingw32/nios2-elf/lib\libc.a(lib_a-atexit.o) (__register_exitproc)
c:/intelfpga_lite/18.0/nios2eds/bin/gnu/h-x86_64-mingw32/bin/../lib/gcc/nios2-elf/5.3.0/../../../../../H-x86_64-mingw32/nios2-elf/lib\libc.a(lib_a-__call_atexit.o)
                              c:/intelfpga_lite/18.0/nios2eds/bin/gnu/h-x86_64-mingw32/bin/../lib/gcc/nios2-elf/5.3.0/../../../../../H-x86_64-mingw32/nios2-elf/lib\libc.a(lib_a-exit.o) (__call_exitprocs)
../Actividad3_bsp/\libhal_bsp.a(alt_exit.o)
                              c:/intelfpga_lite/18.0/nios2eds/bin/gnu/h-x86_64-mingw32/bin/../lib/gcc/nios2-elf/5.3.0/../../../../../H-x86_64-mingw32/nios2-elf/lib\libc.a(lib_a-exit.o) (_exit)

Allocating common symbols
Common symbol       size              file

alt_irq             0x100             ../Actividad3_bsp/\libhal_bsp.a(alt_irq_handler.o)
errno               0x4               c:/intelfpga_lite/18.0/nios2eds/bin/gnu/h-x86_64-mingw32/bin/../lib/gcc/nios2-elf/5.3.0/../../../../../H-x86_64-mingw32/nios2-elf/lib\libc.a(lib_a-int_errno.o)

Memory Configuration

Name             Origin             Length             Attributes
reset            0x0000000000040000 0x0000000000000020
memory           0x0000000000040020 0x0000000000031fe0
*default*        0x0000000000000000 0xffffffffffffffff

Linker script and memory map

LOAD ../Actividad3_bsp//obj/HAL/src/crt0.o
LOAD obj/default/hello_world.o
LOAD c:/intelfpga_lite/18.0/nios2eds/bin/gnu/h-x86_64-mingw32/bin/../lib/gcc/nios2-elf/5.3.0/../../../../../H-x86_64-mingw32/nios2-elf/lib\libstdc++.a
LOAD c:/intelfpga_lite/18.0/nios2eds/bin/gnu/h-x86_64-mingw32/bin/../lib/gcc/nios2-elf/5.3.0/../../../../../H-x86_64-mingw32/nios2-elf/lib\libm.a
LOAD c:/intelfpga_lite/18.0/nios2eds/bin/gnu/h-x86_64-mingw32/bin/../lib/gcc/nios2-elf/5.3.0\libgcc.a
START GROUP
LOAD c:/intelfpga_lite/18.0/nios2eds/bin/gnu/h-x86_64-mingw32/bin/../lib/gcc/nios2-elf/5.3.0/../../../../../H-x86_64-mingw32/nios2-elf/lib\libc.a
LOAD c:/intelfpga_lite/18.0/nios2eds/bin/gnu/h-x86_64-mingw32/bin/../lib/gcc/nios2-elf/5.3.0\libgcc.a
LOAD ../Actividad3_bsp/\libhal_bsp.a
LOAD c:/intelfpga_lite/18.0/nios2eds/bin/gnu/h-x86_64-mingw32/bin/../lib/gcc/nios2-elf/5.3.0/../../../../../H-x86_64-mingw32/nios2-elf/lib\libm.a
END GROUP
LOAD c:/intelfpga_lite/18.0/nios2eds/bin/gnu/h-x86_64-mingw32/bin/../lib/gcc/nios2-elf/5.3.0\libgcc.a
                0x0000000000040000                __alt_mem_memory = 0x40000

.entry          0x0000000000040000       0x20
 *(.entry)
 .entry         0x0000000000040000       0x20 ../Actividad3_bsp//obj/HAL/src/crt0.o
                0x0000000000040000                __reset

.exceptions     0x0000000000040020      0x224
                0x0000000000040020                PROVIDE (__ram_exceptions_start, ABSOLUTE (.))
                0x0000000000040020                . = ALIGN (0x20)
 *(.irq)
 *(.exceptions.entry.label)
 .exceptions.entry.label
                0x0000000000040020        0x0 ../Actividad3_bsp/\libhal_bsp.a(alt_irq_entry.o)
                0x0000000000040020                alt_irq_entry
 .exceptions.entry.label
                0x0000000000040020        0x0 ../Actividad3_bsp/\libhal_bsp.a(alt_exception_entry.o)
                0x0000000000040020                alt_exception
 *(.exceptions.entry.user)
 *(.exceptions.entry.ecc_fatal)
 *(.exceptions.entry)
 .exceptions.entry
                0x0000000000040020       0x54 ../Actividad3_bsp/\libhal_bsp.a(alt_exception_entry.o)
 *(.exceptions.irqtest.user)
 *(.exceptions.irqtest)
 .exceptions.irqtest
                0x0000000000040074       0x10 ../Actividad3_bsp/\libhal_bsp.a(alt_irq_entry.o)
 *(.exceptions.irqhandler.user)
 *(.exceptions.irqhandler)
 .exceptions.irqhandler
                0x0000000000040084        0x4 ../Actividad3_bsp/\libhal_bsp.a(alt_irq_entry.o)
 *(.exceptions.irqreturn.user)
 *(.exceptions.irqreturn)
 .exceptions.irqreturn
                0x0000000000040088        0x4 ../Actividad3_bsp/\libhal_bsp.a(alt_irq_entry.o)
 *(.exceptions.notirq.label)
 .exceptions.notirq.label
                0x000000000004008c        0x0 ../Actividad3_bsp/\libhal_bsp.a(alt_irq_entry.o)
 *(.exceptions.notirq.user)
 *(.exceptions.notirq)
 .exceptions.notirq
                0x000000000004008c        0x8 ../Actividad3_bsp/\libhal_bsp.a(alt_exception_entry.o)
 *(.exceptions.soft.user)
 *(.exceptions.soft)
 *(.exceptions.unknown.user)
 *(.exceptions.unknown)
 .exceptions.unknown
                0x0000000000040094       0x14 ../Actividad3_bsp/\libhal_bsp.a(alt_exception_entry.o)
 *(.exceptions.exit.label)
 .exceptions.exit.label
                0x00000000000400a8        0x0 ../Actividad3_bsp/\libhal_bsp.a(alt_irq_entry.o)
 .exceptions.exit.label
                0x00000000000400a8        0x0 ../Actividad3_bsp/\libhal_bsp.a(alt_exception_entry.o)
 *(.exceptions.exit.user)
 *(.exceptions.exit)
 .exceptions.exit
                0x00000000000400a8       0x54 ../Actividad3_bsp/\libhal_bsp.a(alt_exception_entry.o)
 *(.exceptions)
 .exceptions    0x00000000000400fc       0xd4 ../Actividad3_bsp/\libhal_bsp.a(alt_irq_handler.o)
                0x00000000000400fc                alt_irq_handler
 .exceptions    0x00000000000401d0       0x74 ../Actividad3_bsp/\libhal_bsp.a(alt_instruction_exception_entry.o)
                0x00000000000401d0                alt_instruction_exception_entry
                0x0000000000040244                PROVIDE (__ram_exceptions_end, ABSOLUTE (.))
                0x0000000000040020                PROVIDE (__flash_exceptions_start, LOADADDR (.exceptions))

.text           0x0000000000040244     0x22b8
                [!provide]                        PROVIDE (stext, ABSOLUTE (.))
 *(.interp)
 *(.hash)
 *(.dynsym)
 *(.dynstr)
 *(.gnu.version)
 *(.gnu.version_d)
 *(.gnu.version_r)
 *(.rel.init)
 *(.rela.init)
 *(.rel.text .rel.text.* .rel.gnu.linkonce.t.*)
 *(.rela.text .rela.text.* .rela.gnu.linkonce.t.*)
 *(.rel.fini)
 *(.rela.fini)
 *(.rel.rodata .rel.rodata.* .rel.gnu.linkonce.r.*)
 *(.rela.rodata .rela.rodata.* .rela.gnu.linkonce.r.*)
 *(.rel.data .rel.data.* .rel.gnu.linkonce.d.*)
 *(.rela.data .rela.data.* .rela.gnu.linkonce.d.*)
 *(.rel.tdata .rel.tdata.* .rel.gnu.linkonce.td.*)
 *(.rela.tdata .rela.tdata.* .rela.gnu.linkonce.td.*)
 *(.rel.tbss .rel.tbss.* .rel.gnu.linkonce.tb.*)
 *(.rela.tbss .rela.tbss.* .rela.gnu.linkonce.tb.*)
 *(.rel.ctors)
 *(.rela.ctors)
 *(.rel.dtors)
 *(.rela.dtors)
 *(.rel.got)
 *(.rela.got)
 *(.rel.sdata .rel.sdata.* .rel.gnu.linkonce.s.*)
 *(.rela.sdata .rela.sdata.* .rela.gnu.linkonce.s.*)
 *(.rel.sbss .rel.sbss.* .rel.gnu.linkonce.sb.*)
 *(.rela.sbss .rela.sbss.* .rela.gnu.linkonce.sb.*)
 *(.rel.sdata2 .rel.sdata2.* .rel.gnu.linkonce.s2.*)
 *(.rela.sdata2 .rela.sdata2.* .rela.gnu.linkonce.s2.*)
 *(.rel.sbss2 .rel.sbss2.* .rel.gnu.linkonce.sb2.*)
 *(.rela.sbss2 .rela.sbss2.* .rela.gnu.linkonce.sb2.*)
 *(.rel.bss .rel.bss.* .rel.gnu.linkonce.b.*)
 *(.rela.bss .rela.bss.* .rela.gnu.linkonce.b.*)
 *(.rel.plt)
 *(.rela.plt)
 *(.rel.dyn)
 *(.init)
 *(.plt)
 *(.text .stub .text.* .gnu.linkonce.t.*)
 .text          0x0000000000040244       0x4c ../Actividad3_bsp//obj/HAL/src/crt0.o
                0x0000000000040244                _start
 .text          0x0000000000040290       0x28 obj/default/hello_world.o
                0x0000000000040290                main
 .text          0x00000000000402b8       0xec ../Actividad3_bsp/\libhal_bsp.a(alt_load.o)
                0x0000000000040320                alt_load
 .text          0x00000000000403a4       0x7c ../Actividad3_bsp/\libhal_bsp.a(alt_main.o)
                0x00000000000403a4                alt_main
 .text          0x0000000000040420       0xb8 ../Actividad3_bsp/\libhal_bsp.a(alt_sys_init.o)
                0x0000000000040454                alt_irq_init
                0x000000000004048c                alt_sys_init
 .text          0x00000000000404d8      0x164 ../Actividad3_bsp/\libhal_bsp.a(altera_avalon_jtag_uart_fd.o)
                0x00000000000404d8                altera_avalon_jtag_uart_read_fd
                0x0000000000040538                altera_avalon_jtag_uart_write_fd
                0x0000000000040598                altera_avalon_jtag_uart_close_fd
                0x00000000000405e8                altera_avalon_jtag_uart_ioctl_fd
 .text          0x000000000004063c      0x3d4 ../Actividad3_bsp/\libhal_bsp.a(altera_avalon_jtag_uart_init.o)
                0x000000000004063c                altera_avalon_jtag_uart_init
                0x00000000000409a8                altera_avalon_jtag_uart_close
 .text          0x0000000000040a10       0xf0 ../Actividad3_bsp/\libhal_bsp.a(altera_avalon_jtag_uart_ioctl.o)
                0x0000000000040a10                altera_avalon_jtag_uart_ioctl
 .text          0x0000000000040b00      0x21c ../Actividad3_bsp/\libhal_bsp.a(altera_avalon_jtag_uart_read.o)
                0x0000000000040b00                altera_avalon_jtag_uart_read
 .text          0x0000000000040d1c      0x224 ../Actividad3_bsp/\libhal_bsp.a(altera_avalon_jtag_uart_write.o)
                0x0000000000040d1c                altera_avalon_jtag_uart_write
 .text          0x0000000000040f40      0x12c ../Actividad3_bsp/\libhal_bsp.a(alt_alarm_start.o)
                0x0000000000040f40                alt_alarm_start
 .text          0x000000000004106c      0x10c ../Actividad3_bsp/\libhal_bsp.a(alt_close.o)
                0x00000000000410a8                close
 .text          0x0000000000041178       0x48 ../Actividad3_bsp/\libhal_bsp.a(alt_dcache_flush_all.o)
                0x0000000000041178                alt_dcache_flush_all
 .text          0x00000000000411c0       0x2c ../Actividad3_bsp/\libhal_bsp.a(alt_dev.o)
 .text          0x00000000000411ec       0xe0 ../Actividad3_bsp/\libhal_bsp.a(alt_dev_llist_insert.o)
                0x0000000000041228                alt_dev_llist_insert
 .text          0x00000000000412cc       0x60 ../Actividad3_bsp/\libhal_bsp.a(alt_do_ctors.o)
                0x00000000000412cc                _do_ctors
 .text          0x000000000004132c       0x60 ../Actividad3_bsp/\libhal_bsp.a(alt_do_dtors.o)
                0x000000000004132c                _do_dtors
 .text          0x000000000004138c        0x0 ../Actividad3_bsp/\libhal_bsp.a(alt_errno.o)
 .text          0x000000000004138c       0x34 ../Actividad3_bsp/\libhal_bsp.a(alt_icache_flush_all.o)
                0x000000000004138c                alt_icache_flush_all
 .text          0x00000000000413c0      0x1b0 ../Actividad3_bsp/\libhal_bsp.a(alt_iic.o)
                0x00000000000413c0                alt_ic_isr_register
                0x0000000000041410                alt_ic_irq_enable
                0x0000000000041498                alt_ic_irq_disable
                0x0000000000041524                alt_ic_irq_enabled
 .text          0x0000000000041570       0xf0 ../Actividad3_bsp/\libhal_bsp.a(alt_iic_isr_register.o)
                0x0000000000041570                alt_iic_isr_register
 .text          0x0000000000041660      0x140 ../Actividad3_bsp/\libhal_bsp.a(alt_io_redirect.o)
                0x0000000000041724                alt_io_redirect
 .text          0x00000000000417a0        0x0 ../Actividad3_bsp/\libhal_bsp.a(alt_irq_entry.o)
 .text          0x00000000000417a0        0x0 ../Actividad3_bsp/\libhal_bsp.a(alt_irq_handler.o)
 .text          0x00000000000417a0        0x0 ../Actividad3_bsp/\libhal_bsp.a(alt_irq_vars.o)
 .text          0x00000000000417a0      0x254 ../Actividad3_bsp/\libhal_bsp.a(alt_open.o)
                0x00000000000418a0                open
 .text          0x00000000000419f4       0x64 ../Actividad3_bsp/\libhal_bsp.a(alt_release_fd.o)
                0x00000000000419f4                alt_release_fd
 .text          0x0000000000041a58      0x1a4 ../Actividad3_bsp/\libhal_bsp.a(alt_tick.o)
                0x0000000000041a58                alt_alarm_stop
                0x0000000000041af4                alt_tick
 .text          0x0000000000041bfc       0x24 ../Actividad3_bsp/\libhal_bsp.a(altera_nios2_gen2_irq.o)
                0x0000000000041bfc                altera_nios2_gen2_irq_init
 .text          0x0000000000041c20        0x0 ../Actividad3_bsp/\libhal_bsp.a(alt_exception_entry.o)
 .text          0x0000000000041c20       0x90 ../Actividad3_bsp/\libhal_bsp.a(alt_find_dev.o)
                0x0000000000041c20                alt_find_dev
 .text          0x0000000000041cb0      0x108 ../Actividad3_bsp/\libhal_bsp.a(alt_find_file.o)
                0x0000000000041cb0                alt_find_file
 .text          0x0000000000041db8       0xa4 ../Actividad3_bsp/\libhal_bsp.a(alt_get_fd.o)
                0x0000000000041db8                alt_get_fd
 .text          0x0000000000041e5c       0x90 ../Actividad3_bsp/\libhal_bsp.a(alt_icache_flush.o)
                0x0000000000041e5c                alt_icache_flush
 .text          0x0000000000041eec       0x9c ../Actividad3_bsp/\libhal_bsp.a(alt_instruction_exception_entry.o)
                0x0000000000041eec                alt_exception_cause_generated_bad_addr
 .text          0x0000000000041f88        0x0 c:/intelfpga_lite/18.0/nios2eds/bin/gnu/h-x86_64-mingw32/bin/../lib/gcc/nios2-elf/5.3.0/../../../../../H-x86_64-mingw32/nios2-elf/lib\libc.a(lib_a-atexit.o)
 .text.atexit   0x0000000000041f88       0x14 c:/intelfpga_lite/18.0/nios2eds/bin/gnu/h-x86_64-mingw32/bin/../lib/gcc/nios2-elf/5.3.0/../../../../../H-x86_64-mingw32/nios2-elf/lib\libc.a(lib_a-atexit.o)
                0x0000000000041f88                atexit
 .text          0x0000000000041f9c        0x0 c:/intelfpga_lite/18.0/nios2eds/bin/gnu/h-x86_64-mingw32/bin/../lib/gcc/nios2-elf/5.3.0/../../../../../H-x86_64-mingw32/nios2-elf/lib\libc.a(lib_a-exit.o)
 .text.exit     0x0000000000041f9c       0x38 c:/intelfpga_lite/18.0/nios2eds/bin/gnu/h-x86_64-mingw32/bin/../lib/gcc/nios2-elf/5.3.0/../../../../../H-x86_64-mingw32/nios2-elf/lib\libc.a(lib_a-exit.o)
                0x0000000000041f9c                exit
 .text          0x0000000000041fd4        0x0 c:/intelfpga_lite/18.0/nios2eds/bin/gnu/h-x86_64-mingw32/bin/../lib/gcc/nios2-elf/5.3.0/../../../../../H-x86_64-mingw32/nios2-elf/lib\libc.a(lib_a-impure.o)
 .text          0x0000000000041fd4        0x0 c:/intelfpga_lite/18.0/nios2eds/bin/gnu/h-x86_64-mingw32/bin/../lib/gcc/nios2-elf/5.3.0/../../../../../H-x86_64-mingw32/nios2-elf/lib\libc.a(lib_a-int_errno.o)
 .text          0x0000000000041fd4        0x0 c:/intelfpga_lite/18.0/nios2eds/bin/gnu/h-x86_64-mingw32/bin/../lib/gcc/nios2-elf/5.3.0/../../../../../H-x86_64-mingw32/nios2-elf/lib\libc.a(lib_a-memcmp.o)
 .text.memcmp   0x0000000000041fd4       0x7c c:/intelfpga_lite/18.0/nios2eds/bin/gnu/h-x86_64-mingw32/bin/../lib/gcc/nios2-elf/5.3.0/../../../../../H-x86_64-mingw32/nios2-elf/lib\libc.a(lib_a-memcmp.o)
                0x0000000000041fd4                memcmp
 .text          0x0000000000042050        0x0 c:/intelfpga_lite/18.0/nios2eds/bin/gnu/h-x86_64-mingw32/bin/../lib/gcc/nios2-elf/5.3.0/../../../../../H-x86_64-mingw32/nios2-elf/lib\libc.a(lib_a-memcpy.o)
 .text.memcpy   0x0000000000042050      0x148 c:/intelfpga_lite/18.0/nios2eds/bin/gnu/h-x86_64-mingw32/bin/../lib/gcc/nios2-elf/5.3.0/../../../../../H-x86_64-mingw32/nios2-elf/lib\libc.a(lib_a-memcpy.o)
                0x0000000000042050                memcpy
 .text          0x0000000000042198        0x0 c:/intelfpga_lite/18.0/nios2eds/bin/gnu/h-x86_64-mingw32/bin/../lib/gcc/nios2-elf/5.3.0/../../../../../H-x86_64-mingw32/nios2-elf/lib\libc.a(lib_a-strlen.o)
 .text.strlen   0x0000000000042198       0x98 c:/intelfpga_lite/18.0/nios2eds/bin/gnu/h-x86_64-mingw32/bin/../lib/gcc/nios2-elf/5.3.0/../../../../../H-x86_64-mingw32/nios2-elf/lib\libc.a(lib_a-strlen.o)
                0x0000000000042198                strlen
 .text          0x0000000000042230        0x0 c:/intelfpga_lite/18.0/nios2eds/bin/gnu/h-x86_64-mingw32/bin/../lib/gcc/nios2-elf/5.3.0/../../../../../H-x86_64-mingw32/nios2-elf/lib\libc.a(lib_a-__atexit.o)
 .text.__register_exitproc
                0x0000000000042230      0x118 c:/intelfpga_lite/18.0/nios2eds/bin/gnu/h-x86_64-mingw32/bin/../lib/gcc/nios2-elf/5.3.0/../../../../../H-x86_64-mingw32/nios2-elf/lib\libc.a(lib_a-__atexit.o)
                0x0000000000042230                __register_exitproc
 .text          0x0000000000042348        0x0 c:/intelfpga_lite/18.0/nios2eds/bin/gnu/h-x86_64-mingw32/bin/../lib/gcc/nios2-elf/5.3.0/../../../../../H-x86_64-mingw32/nios2-elf/lib\libc.a(lib_a-__call_atexit.o)
 .text.__call_exitprocs
                0x0000000000042348      0x180 c:/intelfpga_lite/18.0/nios2eds/bin/gnu/h-x86_64-mingw32/bin/../lib/gcc/nios2-elf/5.3.0/../../../../../H-x86_64-mingw32/nios2-elf/lib\libc.a(lib_a-__call_atexit.o)
                0x0000000000042348                __call_exitprocs
 .text          0x00000000000424c8       0x34 ../Actividad3_bsp/\libhal_bsp.a(alt_exit.o)
                0x00000000000424c8                _exit
 *(.gnu.warning.*)
 *(.fini)
                [!provide]                        PROVIDE (__etext, ABSOLUTE (.))
                [!provide]                        PROVIDE (_etext, ABSOLUTE (.))
                [!provide]                        PROVIDE (etext, ABSOLUTE (.))
 *(.eh_frame_hdr)
                0x00000000000424fc                . = ALIGN (0x4)
                [!provide]                        PROVIDE (__preinit_array_start, ABSOLUTE (.))
 *(.preinit_array)
                [!provide]                        PROVIDE (__preinit_array_end, ABSOLUTE (.))
                [!provide]                        PROVIDE (__init_array_start, ABSOLUTE (.))
 *(.init_array)
                [!provide]                        PROVIDE (__init_array_end, ABSOLUTE (.))
                [!provide]                        PROVIDE (__fini_array_start, ABSOLUTE (.))
 *(.fini_array)
                [!provide]                        PROVIDE (__fini_array_end, ABSOLUTE (.))
 *(.eh_frame)
 *(.gcc_except_table .gcc_except_table.*)
 *(.dynamic)
                0x00000000000424fc                PROVIDE (__CTOR_LIST__, ABSOLUTE (.))
 *(.ctors)
 *(SORT(.ctors.*))
                0x00000000000424fc                PROVIDE (__CTOR_END__, ABSOLUTE (.))
                0x00000000000424fc                PROVIDE (__DTOR_LIST__, ABSOLUTE (.))
 *(.dtors)
 *(SORT(.dtors.*))
                0x00000000000424fc                PROVIDE (__DTOR_END__, ABSOLUTE (.))
 *(.jcr)
                0x00000000000424fc                . = ALIGN (0x4)

.rodata         0x00000000000424fc       0x28
                0x00000000000424fc                PROVIDE (__ram_rodata_start, ABSOLUTE (.))
                0x00000000000424fc                . = ALIGN (0x4)
 *(.rodata .rodata.* .gnu.linkonce.r.*)
 .rodata        0x00000000000424fc        0xa ../Actividad3_bsp/\libhal_bsp.a(alt_main.o)
 *fill*         0x0000000000042506        0x2 
 .rodata        0x0000000000042508        0xa ../Actividad3_bsp/\libhal_bsp.a(alt_sys_init.o)
 *fill*         0x0000000000042512        0x2 
 .rodata        0x0000000000042514        0xa ../Actividad3_bsp/\libhal_bsp.a(alt_dev.o)
 *fill*         0x000000000004251e        0x2 
 .rodata.str1.4
                0x0000000000042520        0x4 c:/intelfpga_lite/18.0/nios2eds/bin/gnu/h-x86_64-mingw32/bin/../lib/gcc/nios2-elf/5.3.0/../../../../../H-x86_64-mingw32/nios2-elf/lib\libc.a(lib_a-impure.o)
                                          0x2 (size before relaxing)
 *(.rodata1)
                0x0000000000042524                . = ALIGN (0x4)
                0x0000000000042524                PROVIDE (__ram_rodata_end, ABSOLUTE (.))
                0x00000000000424fc                PROVIDE (__flash_rodata_start, LOADADDR (.rodata))

.rwdata         0x0000000000042524     0x1658 load address 0x0000000000043b7c
                0x0000000000042524                PROVIDE (__ram_rwdata_start, ABSOLUTE (.))
                0x0000000000042524                . = ALIGN (0x4)
 *(.got.plt)
 *(.got)
 *(.data1)
 *(.data .data.* .gnu.linkonce.d.*)
 .data          0x0000000000042524        0x0 ../Actividad3_bsp//obj/HAL/src/crt0.o
 .data          0x0000000000042524        0x0 obj/default/hello_world.o
 .data          0x0000000000042524        0x0 ../Actividad3_bsp/\libhal_bsp.a(alt_load.o)
 .data          0x0000000000042524        0x0 ../Actividad3_bsp/\libhal_bsp.a(alt_main.o)
 .data          0x0000000000042524     0x1060 ../Actividad3_bsp/\libhal_bsp.a(alt_sys_init.o)
 .data          0x0000000000043584        0x0 ../Actividad3_bsp/\libhal_bsp.a(altera_avalon_jtag_uart_fd.o)
 .data          0x0000000000043584        0x0 ../Actividad3_bsp/\libhal_bsp.a(altera_avalon_jtag_uart_init.o)
 .data          0x0000000000043584        0x0 ../Actividad3_bsp/\libhal_bsp.a(altera_avalon_jtag_uart_ioctl.o)
 .data          0x0000000000043584        0x0 ../Actividad3_bsp/\libhal_bsp.a(altera_avalon_jtag_uart_read.o)
 .data          0x0000000000043584        0x0 ../Actividad3_bsp/\libhal_bsp.a(altera_avalon_jtag_uart_write.o)
 .data          0x0000000000043584        0x0 ../Actividad3_bsp/\libhal_bsp.a(alt_alarm_start.o)
 .data          0x0000000000043584        0x0 ../Actividad3_bsp/\libhal_bsp.a(alt_close.o)
 .data          0x0000000000043584        0x0 ../Actividad3_bsp/\libhal_bsp.a(alt_dcache_flush_all.o)
 .data          0x0000000000043584      0x1a8 ../Actividad3_bsp/\libhal_bsp.a(alt_dev.o)
                0x0000000000043584                alt_dev_null
                0x00000000000435ac                alt_fd_list
 .data          0x000000000004372c        0x0 ../Actividad3_bsp/\libhal_bsp.a(alt_dev_llist_insert.o)
 .data          0x000000000004372c        0x0 ../Actividad3_bsp/\libhal_bsp.a(alt_do_ctors.o)
 .data          0x000000000004372c        0x0 ../Actividad3_bsp/\libhal_bsp.a(alt_do_dtors.o)
 .data          0x000000000004372c        0x0 ../Actividad3_bsp/\libhal_bsp.a(alt_errno.o)
 .data          0x000000000004372c        0x0 ../Actividad3_bsp/\libhal_bsp.a(alt_icache_flush_all.o)
 .data          0x000000000004372c        0x0 ../Actividad3_bsp/\libhal_bsp.a(alt_iic.o)
 .data          0x000000000004372c        0x0 ../Actividad3_bsp/\libhal_bsp.a(alt_iic_isr_register.o)
 .data          0x000000000004372c        0x0 ../Actividad3_bsp/\libhal_bsp.a(alt_io_redirect.o)
 .data          0x000000000004372c        0x0 ../Actividad3_bsp/\libhal_bsp.a(alt_irq_entry.o)
 .data          0x000000000004372c        0x0 ../Actividad3_bsp/\libhal_bsp.a(alt_irq_handler.o)
 .data          0x000000000004372c        0x0 ../Actividad3_bsp/\libhal_bsp.a(alt_irq_vars.o)
 .data          0x000000000004372c        0x0 ../Actividad3_bsp/\libhal_bsp.a(alt_open.o)
 .data          0x000000000004372c        0x0 ../Actividad3_bsp/\libhal_bsp.a(alt_release_fd.o)
 .data          0x000000000004372c        0x0 ../Actividad3_bsp/\libhal_bsp.a(alt_tick.o)
 .data          0x000000000004372c        0x0 ../Actividad3_bsp/\libhal_bsp.a(altera_nios2_gen2_irq.o)
 .data          0x000000000004372c        0x0 ../Actividad3_bsp/\libhal_bsp.a(alt_exception_entry.o)
 .data          0x000000000004372c        0x0 ../Actividad3_bsp/\libhal_bsp.a(alt_find_dev.o)
 .data          0x000000000004372c        0x0 ../Actividad3_bsp/\libhal_bsp.a(alt_find_file.o)
 .data          0x000000000004372c        0x0 ../Actividad3_bsp/\libhal_bsp.a(alt_get_fd.o)
 .data          0x000000000004372c        0x0 ../Actividad3_bsp/\libhal_bsp.a(alt_icache_flush.o)
 .data          0x000000000004372c        0x0 ../Actividad3_bsp/\libhal_bsp.a(alt_instruction_exception_entry.o)
 .data          0x000000000004372c        0x0 c:/intelfpga_lite/18.0/nios2eds/bin/gnu/h-x86_64-mingw32/bin/../lib/gcc/nios2-elf/5.3.0/../../../../../H-x86_64-mingw32/nios2-elf/lib\libc.a(lib_a-atexit.o)
 .data          0x000000000004372c        0x0 c:/intelfpga_lite/18.0/nios2eds/bin/gnu/h-x86_64-mingw32/bin/../lib/gcc/nios2-elf/5.3.0/../../../../../H-x86_64-mingw32/nios2-elf/lib\libc.a(lib_a-exit.o)
 .data          0x000000000004372c        0x0 c:/intelfpga_lite/18.0/nios2eds/bin/gnu/h-x86_64-mingw32/bin/../lib/gcc/nios2-elf/5.3.0/../../../../../H-x86_64-mingw32/nios2-elf/lib\libc.a(lib_a-impure.o)
 .data.impure_data
                0x000000000004372c      0x424 c:/intelfpga_lite/18.0/nios2eds/bin/gnu/h-x86_64-mingw32/bin/../lib/gcc/nios2-elf/5.3.0/../../../../../H-x86_64-mingw32/nios2-elf/lib\libc.a(lib_a-impure.o)
 .data          0x0000000000043b50        0x0 c:/intelfpga_lite/18.0/nios2eds/bin/gnu/h-x86_64-mingw32/bin/../lib/gcc/nios2-elf/5.3.0/../../../../../H-x86_64-mingw32/nios2-elf/lib\libc.a(lib_a-int_errno.o)
 .data          0x0000000000043b50        0x0 c:/intelfpga_lite/18.0/nios2eds/bin/gnu/h-x86_64-mingw32/bin/../lib/gcc/nios2-elf/5.3.0/../../../../../H-x86_64-mingw32/nios2-elf/lib\libc.a(lib_a-memcmp.o)
 .data          0x0000000000043b50        0x0 c:/intelfpga_lite/18.0/nios2eds/bin/gnu/h-x86_64-mingw32/bin/../lib/gcc/nios2-elf/5.3.0/../../../../../H-x86_64-mingw32/nios2-elf/lib\libc.a(lib_a-memcpy.o)
 .data          0x0000000000043b50        0x0 c:/intelfpga_lite/18.0/nios2eds/bin/gnu/h-x86_64-mingw32/bin/../lib/gcc/nios2-elf/5.3.0/../../../../../H-x86_64-mingw32/nios2-elf/lib\libc.a(lib_a-strlen.o)
 .data          0x0000000000043b50        0x0 c:/intelfpga_lite/18.0/nios2eds/bin/gnu/h-x86_64-mingw32/bin/../lib/gcc/nios2-elf/5.3.0/../../../../../H-x86_64-mingw32/nios2-elf/lib\libc.a(lib_a-__atexit.o)
 .data          0x0000000000043b50        0x0 c:/intelfpga_lite/18.0/nios2eds/bin/gnu/h-x86_64-mingw32/bin/../lib/gcc/nios2-elf/5.3.0/../../../../../H-x86_64-mingw32/nios2-elf/lib\libc.a(lib_a-__call_atexit.o)
 .data          0x0000000000043b50        0x0 ../Actividad3_bsp/\libhal_bsp.a(alt_exit.o)
                0x000000000004bb50                _gp = ABSOLUTE ((. + 0x8000))
                [!provide]                        PROVIDE (gp, _gp)
 *(.rwdata .rwdata.*)
 *(.sdata .sdata.* .gnu.linkonce.s.*)
 .sdata         0x0000000000043b50       0x14 ../Actividad3_bsp/\libhal_bsp.a(alt_dev.o)
                0x0000000000043b50                alt_fs_list
                0x0000000000043b58                alt_dev_list
                0x0000000000043b60                alt_max_fd
 .sdata         0x0000000000043b64        0x4 ../Actividad3_bsp/\libhal_bsp.a(alt_errno.o)
                0x0000000000043b64                alt_errno
 .sdata         0x0000000000043b68        0x4 ../Actividad3_bsp/\libhal_bsp.a(alt_irq_vars.o)
                0x0000000000043b68                alt_priority_mask
 .sdata         0x0000000000043b6c        0x8 ../Actividad3_bsp/\libhal_bsp.a(alt_tick.o)
                0x0000000000043b6c                alt_alarm_list
 .sdata._global_impure_ptr
                0x0000000000043b74        0x4 c:/intelfpga_lite/18.0/nios2eds/bin/gnu/h-x86_64-mingw32/bin/../lib/gcc/nios2-elf/5.3.0/../../../../../H-x86_64-mingw32/nios2-elf/lib\libc.a(lib_a-impure.o)
                0x0000000000043b74                _global_impure_ptr
 .sdata._impure_ptr
                0x0000000000043b78        0x4 c:/intelfpga_lite/18.0/nios2eds/bin/gnu/h-x86_64-mingw32/bin/../lib/gcc/nios2-elf/5.3.0/../../../../../H-x86_64-mingw32/nios2-elf/lib\libc.a(lib_a-impure.o)
                0x0000000000043b78                _impure_ptr
 *(.sdata2 .sdata2.* .gnu.linkonce.s2.*)
                0x0000000000043b7c                . = ALIGN (0x4)
                0x0000000000043b7c                _edata = ABSOLUTE (.)
                [!provide]                        PROVIDE (edata, ABSOLUTE (.))
                0x0000000000043b7c                PROVIDE (__ram_rwdata_end, ABSOLUTE (.))
                0x0000000000043b7c                PROVIDE (__flash_rwdata_start, LOADADDR (.rwdata))

.bss            0x00000000000451d4      0x120
                0x00000000000451d4                __bss_start = ABSOLUTE (.)
                [!provide]                        PROVIDE (__sbss_start, ABSOLUTE (.))
                [!provide]                        PROVIDE (___sbss_start, ABSOLUTE (.))
 *(.dynsbss)
 *(.sbss .sbss.* .gnu.linkonce.sb.*)
 .sbss          0x00000000000451d4        0xc ../Actividad3_bsp/\libhal_bsp.a(alt_main.o)
                0x00000000000451d4                alt_argc
                0x00000000000451d8                alt_argv
                0x00000000000451dc                alt_envp
 .sbss          0x00000000000451e0        0x4 ../Actividad3_bsp/\libhal_bsp.a(alt_irq_vars.o)
                0x00000000000451e0                alt_irq_active
 .sbss          0x00000000000451e4        0x8 ../Actividad3_bsp/\libhal_bsp.a(alt_tick.o)
                0x00000000000451e4                _alt_tick_rate
                0x00000000000451e8                _alt_nticks
 .sbss          0x00000000000451ec        0x4 ../Actividad3_bsp/\libhal_bsp.a(alt_instruction_exception_entry.o)
                0x00000000000451ec                alt_instruction_exception_handler
 .sbss          0x00000000000451f0        0x4 c:/intelfpga_lite/18.0/nios2eds/bin/gnu/h-x86_64-mingw32/bin/../lib/gcc/nios2-elf/5.3.0/../../../../../H-x86_64-mingw32/nios2-elf/lib\libc.a(lib_a-int_errno.o)
                0x00000000000451f0                errno
 *(.sbss2 .sbss2.* .gnu.linkonce.sb2.*)
 *(.scommon)
                [!provide]                        PROVIDE (__sbss_end, ABSOLUTE (.))
                [!provide]                        PROVIDE (___sbss_end, ABSOLUTE (.))
 *(.dynbss)
 *(.bss .bss.* .gnu.linkonce.b.*)
 .bss           0x00000000000451f4        0x0 ../Actividad3_bsp//obj/HAL/src/crt0.o
 .bss           0x00000000000451f4        0x0 obj/default/hello_world.o
 .bss           0x00000000000451f4        0x0 ../Actividad3_bsp/\libhal_bsp.a(alt_load.o)
 .bss           0x00000000000451f4        0x0 ../Actividad3_bsp/\libhal_bsp.a(alt_main.o)
 .bss           0x00000000000451f4        0x0 ../Actividad3_bsp/\libhal_bsp.a(alt_sys_init.o)
 .bss           0x00000000000451f4        0x0 ../Actividad3_bsp/\libhal_bsp.a(altera_avalon_jtag_uart_fd.o)
 .bss           0x00000000000451f4        0x0 ../Actividad3_bsp/\libhal_bsp.a(altera_avalon_jtag_uart_init.o)
 .bss           0x00000000000451f4        0x0 ../Actividad3_bsp/\libhal_bsp.a(altera_avalon_jtag_uart_ioctl.o)
 .bss           0x00000000000451f4        0x0 ../Actividad3_bsp/\libhal_bsp.a(altera_avalon_jtag_uart_read.o)
 .bss           0x00000000000451f4        0x0 ../Actividad3_bsp/\libhal_bsp.a(altera_avalon_jtag_uart_write.o)
 .bss           0x00000000000451f4        0x0 ../Actividad3_bsp/\libhal_bsp.a(alt_alarm_start.o)
 .bss           0x00000000000451f4        0x0 ../Actividad3_bsp/\libhal_bsp.a(alt_close.o)
 .bss           0x00000000000451f4        0x0 ../Actividad3_bsp/\libhal_bsp.a(alt_dcache_flush_all.o)
 .bss           0x00000000000451f4        0x0 ../Actividad3_bsp/\libhal_bsp.a(alt_dev.o)
 .bss           0x00000000000451f4        0x0 ../Actividad3_bsp/\libhal_bsp.a(alt_dev_llist_insert.o)
 .bss           0x00000000000451f4        0x0 ../Actividad3_bsp/\libhal_bsp.a(alt_do_ctors.o)
 .bss           0x00000000000451f4        0x0 ../Actividad3_bsp/\libhal_bsp.a(alt_do_dtors.o)
 .bss           0x00000000000451f4        0x0 ../Actividad3_bsp/\libhal_bsp.a(alt_errno.o)
 .bss           0x00000000000451f4        0x0 ../Actividad3_bsp/\libhal_bsp.a(alt_icache_flush_all.o)
 .bss           0x00000000000451f4        0x0 ../Actividad3_bsp/\libhal_bsp.a(alt_iic.o)
 .bss           0x00000000000451f4        0x0 ../Actividad3_bsp/\libhal_bsp.a(alt_iic_isr_register.o)
 .bss           0x00000000000451f4        0x0 ../Actividad3_bsp/\libhal_bsp.a(alt_io_redirect.o)
 .bss           0x00000000000451f4        0x0 ../Actividad3_bsp/\libhal_bsp.a(alt_irq_entry.o)
 .bss           0x00000000000451f4        0x0 ../Actividad3_bsp/\libhal_bsp.a(alt_irq_handler.o)
 .bss           0x00000000000451f4        0x0 ../Actividad3_bsp/\libhal_bsp.a(alt_irq_vars.o)
 .bss           0x00000000000451f4        0x0 ../Actividad3_bsp/\libhal_bsp.a(alt_open.o)
 .bss           0x00000000000451f4        0x0 ../Actividad3_bsp/\libhal_bsp.a(alt_release_fd.o)
 .bss           0x00000000000451f4        0x0 ../Actividad3_bsp/\libhal_bsp.a(alt_tick.o)
 .bss           0x00000000000451f4        0x0 ../Actividad3_bsp/\libhal_bsp.a(altera_nios2_gen2_irq.o)
 .bss           0x00000000000451f4        0x0 ../Actividad3_bsp/\libhal_bsp.a(alt_exception_entry.o)
 .bss           0x00000000000451f4        0x0 ../Actividad3_bsp/\libhal_bsp.a(alt_find_dev.o)
 .bss           0x00000000000451f4        0x0 ../Actividad3_bsp/\libhal_bsp.a(alt_find_file.o)
 .bss           0x00000000000451f4        0x0 ../Actividad3_bsp/\libhal_bsp.a(alt_get_fd.o)
 .bss           0x00000000000451f4        0x0 ../Actividad3_bsp/\libhal_bsp.a(alt_icache_flush.o)
 .bss           0x00000000000451f4        0x0 ../Actividad3_bsp/\libhal_bsp.a(alt_instruction_exception_entry.o)
 .bss           0x00000000000451f4        0x0 c:/intelfpga_lite/18.0/nios2eds/bin/gnu/h-x86_64-mingw32/bin/../lib/gcc/nios2-elf/5.3.0/../../../../../H-x86_64-mingw32/nios2-elf/lib\libc.a(lib_a-atexit.o)
 .bss           0x00000000000451f4        0x0 c:/intelfpga_lite/18.0/nios2eds/bin/gnu/h-x86_64-mingw32/bin/../lib/gcc/nios2-elf/5.3.0/../../../../../H-x86_64-mingw32/nios2-elf/lib\libc.a(lib_a-exit.o)
 .bss           0x00000000000451f4        0x0 c:/intelfpga_lite/18.0/nios2eds/bin/gnu/h-x86_64-mingw32/bin/../lib/gcc/nios2-elf/5.3.0/../../../../../H-x86_64-mingw32/nios2-elf/lib\libc.a(lib_a-impure.o)
 .bss           0x00000000000451f4        0x0 c:/intelfpga_lite/18.0/nios2eds/bin/gnu/h-x86_64-mingw32/bin/../lib/gcc/nios2-elf/5.3.0/../../../../../H-x86_64-mingw32/nios2-elf/lib\libc.a(lib_a-int_errno.o)
 .bss           0x00000000000451f4        0x0 c:/intelfpga_lite/18.0/nios2eds/bin/gnu/h-x86_64-mingw32/bin/../lib/gcc/nios2-elf/5.3.0/../../../../../H-x86_64-mingw32/nios2-elf/lib\libc.a(lib_a-memcmp.o)
 .bss           0x00000000000451f4        0x0 c:/intelfpga_lite/18.0/nios2eds/bin/gnu/h-x86_64-mingw32/bin/../lib/gcc/nios2-elf/5.3.0/../../../../../H-x86_64-mingw32/nios2-elf/lib\libc.a(lib_a-memcpy.o)
 .bss           0x00000000000451f4        0x0 c:/intelfpga_lite/18.0/nios2eds/bin/gnu/h-x86_64-mingw32/bin/../lib/gcc/nios2-elf/5.3.0/../../../../../H-x86_64-mingw32/nios2-elf/lib\libc.a(lib_a-strlen.o)
 .bss           0x00000000000451f4        0x0 c:/intelfpga_lite/18.0/nios2eds/bin/gnu/h-x86_64-mingw32/bin/../lib/gcc/nios2-elf/5.3.0/../../../../../H-x86_64-mingw32/nios2-elf/lib\libc.a(lib_a-__atexit.o)
 .bss           0x00000000000451f4        0x0 c:/intelfpga_lite/18.0/nios2eds/bin/gnu/h-x86_64-mingw32/bin/../lib/gcc/nios2-elf/5.3.0/../../../../../H-x86_64-mingw32/nios2-elf/lib\libc.a(lib_a-__call_atexit.o)
 .bss           0x00000000000451f4        0x0 ../Actividad3_bsp/\libhal_bsp.a(alt_exit.o)
 *(COMMON)
 COMMON         0x00000000000451f4      0x100 ../Actividad3_bsp/\libhal_bsp.a(alt_irq_handler.o)
                0x00000000000451f4                alt_irq
                0x00000000000452f4                . = ALIGN (0x4)
                0x00000000000452f4                __bss_end = ABSOLUTE (.)

.memory         0x00000000000452f4        0x0
                [!provide]                        PROVIDE (_alt_partition_memory_start, ABSOLUTE (.))
 *(.memory .memory. memory.*)
                0x00000000000452f4                . = ALIGN (0x4)
                [!provide]                        PROVIDE (_alt_partition_memory_end, ABSOLUTE (.))
                0x00000000000452f4                _end = ABSOLUTE (.)
                0x00000000000452f4                end = ABSOLUTE (.)
                0x00000000000452f4                __alt_stack_base = ABSOLUTE (.)
                [!provide]                        PROVIDE (_alt_partition_memory_load_addr, LOADADDR (.memory))

.stab
 *(.stab)

.stabstr
 *(.stabstr)

.stab.excl
 *(.stab.excl)

.stab.exclstr
 *(.stab.exclstr)

.stab.index
 *(.stab.index)

.stab.indexstr
 *(.stab.indexstr)

.comment        0x0000000000000000       0x23
 *(.comment)
 .comment       0x0000000000000000       0x23 obj/default/hello_world.o
                                         0x24 (size before relaxing)
 .comment       0x0000000000000023       0x24 ../Actividad3_bsp/\libhal_bsp.a(alt_load.o)
 .comment       0x0000000000000023       0x24 ../Actividad3_bsp/\libhal_bsp.a(alt_main.o)
 .comment       0x0000000000000023       0x24 ../Actividad3_bsp/\libhal_bsp.a(alt_sys_init.o)
 .comment       0x0000000000000023       0x24 ../Actividad3_bsp/\libhal_bsp.a(altera_avalon_jtag_uart_fd.o)
 .comment       0x0000000000000023       0x24 ../Actividad3_bsp/\libhal_bsp.a(altera_avalon_jtag_uart_init.o)
 .comment       0x0000000000000023       0x24 ../Actividad3_bsp/\libhal_bsp.a(altera_avalon_jtag_uart_ioctl.o)
 .comment       0x0000000000000023       0x24 ../Actividad3_bsp/\libhal_bsp.a(altera_avalon_jtag_uart_read.o)
 .comment       0x0000000000000023       0x24 ../Actividad3_bsp/\libhal_bsp.a(altera_avalon_jtag_uart_write.o)
 .comment       0x0000000000000023       0x24 ../Actividad3_bsp/\libhal_bsp.a(alt_alarm_start.o)
 .comment       0x0000000000000023       0x24 ../Actividad3_bsp/\libhal_bsp.a(alt_close.o)
 .comment       0x0000000000000023       0x24 ../Actividad3_bsp/\libhal_bsp.a(alt_dcache_flush_all.o)
 .comment       0x0000000000000023       0x24 ../Actividad3_bsp/\libhal_bsp.a(alt_dev.o)
 .comment       0x0000000000000023       0x24 ../Actividad3_bsp/\libhal_bsp.a(alt_dev_llist_insert.o)
 .comment       0x0000000000000023       0x24 ../Actividad3_bsp/\libhal_bsp.a(alt_do_ctors.o)
 .comment       0x0000000000000023       0x24 ../Actividad3_bsp/\libhal_bsp.a(alt_do_dtors.o)
 .comment       0x0000000000000023       0x24 ../Actividad3_bsp/\libhal_bsp.a(alt_errno.o)
 .comment       0x0000000000000023       0x24 ../Actividad3_bsp/\libhal_bsp.a(alt_icache_flush_all.o)
 .comment       0x0000000000000023       0x24 ../Actividad3_bsp/\libhal_bsp.a(alt_iic.o)
 .comment       0x0000000000000023       0x24 ../Actividad3_bsp/\libhal_bsp.a(alt_iic_isr_register.o)
 .comment       0x0000000000000023       0x24 ../Actividad3_bsp/\libhal_bsp.a(alt_io_redirect.o)
 .comment       0x0000000000000023       0x24 ../Actividad3_bsp/\libhal_bsp.a(alt_irq_handler.o)
 .comment       0x0000000000000023       0x24 ../Actividad3_bsp/\libhal_bsp.a(alt_irq_vars.o)
 .comment       0x0000000000000023       0x24 ../Actividad3_bsp/\libhal_bsp.a(alt_open.o)
 .comment       0x0000000000000023       0x24 ../Actividad3_bsp/\libhal_bsp.a(alt_release_fd.o)
 .comment       0x0000000000000023       0x24 ../Actividad3_bsp/\libhal_bsp.a(alt_tick.o)
 .comment       0x0000000000000023       0x24 ../Actividad3_bsp/\libhal_bsp.a(altera_nios2_gen2_irq.o)
 .comment       0x0000000000000023       0x24 ../Actividad3_bsp/\libhal_bsp.a(alt_find_dev.o)
 .comment       0x0000000000000023       0x24 ../Actividad3_bsp/\libhal_bsp.a(alt_find_file.o)
 .comment       0x0000000000000023       0x24 ../Actividad3_bsp/\libhal_bsp.a(alt_get_fd.o)
 .comment       0x0000000000000023       0x24 ../Actividad3_bsp/\libhal_bsp.a(alt_icache_flush.o)
 .comment       0x0000000000000023       0x24 ../Actividad3_bsp/\libhal_bsp.a(alt_instruction_exception_entry.o)
 .comment       0x0000000000000023       0x24 c:/intelfpga_lite/18.0/nios2eds/bin/gnu/h-x86_64-mingw32/bin/../lib/gcc/nios2-elf/5.3.0/../../../../../H-x86_64-mingw32/nios2-elf/lib\libc.a(lib_a-atexit.o)
 .comment       0x0000000000000023       0x24 c:/intelfpga_lite/18.0/nios2eds/bin/gnu/h-x86_64-mingw32/bin/../lib/gcc/nios2-elf/5.3.0/../../../../../H-x86_64-mingw32/nios2-elf/lib\libc.a(lib_a-exit.o)
 .comment       0x0000000000000023       0x24 c:/intelfpga_lite/18.0/nios2eds/bin/gnu/h-x86_64-mingw32/bin/../lib/gcc/nios2-elf/5.3.0/../../../../../H-x86_64-mingw32/nios2-elf/lib\libc.a(lib_a-impure.o)
 .comment       0x0000000000000023       0x24 c:/intelfpga_lite/18.0/nios2eds/bin/gnu/h-x86_64-mingw32/bin/../lib/gcc/nios2-elf/5.3.0/../../../../../H-x86_64-mingw32/nios2-elf/lib\libc.a(lib_a-int_errno.o)
 .comment       0x0000000000000023       0x24 c:/intelfpga_lite/18.0/nios2eds/bin/gnu/h-x86_64-mingw32/bin/../lib/gcc/nios2-elf/5.3.0/../../../../../H-x86_64-mingw32/nios2-elf/lib\libc.a(lib_a-memcmp.o)
 .comment       0x0000000000000023       0x24 c:/intelfpga_lite/18.0/nios2eds/bin/gnu/h-x86_64-mingw32/bin/../lib/gcc/nios2-elf/5.3.0/../../../../../H-x86_64-mingw32/nios2-elf/lib\libc.a(lib_a-memcpy.o)
 .comment       0x0000000000000023       0x24 c:/intelfpga_lite/18.0/nios2eds/bin/gnu/h-x86_64-mingw32/bin/../lib/gcc/nios2-elf/5.3.0/../../../../../H-x86_64-mingw32/nios2-elf/lib\libc.a(lib_a-strlen.o)
 .comment       0x0000000000000023       0x24 c:/intelfpga_lite/18.0/nios2eds/bin/gnu/h-x86_64-mingw32/bin/../lib/gcc/nios2-elf/5.3.0/../../../../../H-x86_64-mingw32/nios2-elf/lib\libc.a(lib_a-__atexit.o)
 .comment       0x0000000000000023       0x24 c:/intelfpga_lite/18.0/nios2eds/bin/gnu/h-x86_64-mingw32/bin/../lib/gcc/nios2-elf/5.3.0/../../../../../H-x86_64-mingw32/nios2-elf/lib\libc.a(lib_a-__call_atexit.o)
 .comment       0x0000000000000023       0x24 ../Actividad3_bsp/\libhal_bsp.a(alt_exit.o)

.debug
 *(.debug)

.line
 *(.line)

.debug_srcinfo
 *(.debug_srcinfo)

.debug_sfnames
 *(.debug_sfnames)

.debug_aranges  0x0000000000000000      0x5b8
 *(.debug_aranges)
 .debug_aranges
                0x0000000000000000       0x28 ../Actividad3_bsp//obj/HAL/src/crt0.o
 .debug_aranges
                0x0000000000000028       0x20 obj/default/hello_world.o
 .debug_aranges
                0x0000000000000048       0x20 ../Actividad3_bsp/\libhal_bsp.a(alt_load.o)
 .debug_aranges
                0x0000000000000068       0x20 ../Actividad3_bsp/\libhal_bsp.a(alt_main.o)
 .debug_aranges
                0x0000000000000088       0x20 ../Actividad3_bsp/\libhal_bsp.a(alt_sys_init.o)
 .debug_aranges
                0x00000000000000a8       0x20 ../Actividad3_bsp/\libhal_bsp.a(altera_avalon_jtag_uart_fd.o)
 .debug_aranges
                0x00000000000000c8       0x20 ../Actividad3_bsp/\libhal_bsp.a(altera_avalon_jtag_uart_init.o)
 .debug_aranges
                0x00000000000000e8       0x20 ../Actividad3_bsp/\libhal_bsp.a(altera_avalon_jtag_uart_ioctl.o)
 .debug_aranges
                0x0000000000000108       0x20 ../Actividad3_bsp/\libhal_bsp.a(altera_avalon_jtag_uart_read.o)
 .debug_aranges
                0x0000000000000128       0x20 ../Actividad3_bsp/\libhal_bsp.a(altera_avalon_jtag_uart_write.o)
 .debug_aranges
                0x0000000000000148       0x20 ../Actividad3_bsp/\libhal_bsp.a(alt_alarm_start.o)
 .debug_aranges
                0x0000000000000168       0x20 ../Actividad3_bsp/\libhal_bsp.a(alt_close.o)
 .debug_aranges
                0x0000000000000188       0x20 ../Actividad3_bsp/\libhal_bsp.a(alt_dcache_flush_all.o)
 .debug_aranges
                0x00000000000001a8       0x20 ../Actividad3_bsp/\libhal_bsp.a(alt_dev.o)
 .debug_aranges
                0x00000000000001c8       0x20 ../Actividad3_bsp/\libhal_bsp.a(alt_dev_llist_insert.o)
 .debug_aranges
                0x00000000000001e8       0x20 ../Actividad3_bsp/\libhal_bsp.a(alt_do_ctors.o)
 .debug_aranges
                0x0000000000000208       0x20 ../Actividad3_bsp/\libhal_bsp.a(alt_do_dtors.o)
 .debug_aranges
                0x0000000000000228       0x18 ../Actividad3_bsp/\libhal_bsp.a(alt_errno.o)
 .debug_aranges
                0x0000000000000240       0x20 ../Actividad3_bsp/\libhal_bsp.a(alt_icache_flush_all.o)
 .debug_aranges
                0x0000000000000260       0x20 ../Actividad3_bsp/\libhal_bsp.a(alt_iic.o)
 .debug_aranges
                0x0000000000000280       0x20 ../Actividad3_bsp/\libhal_bsp.a(alt_iic_isr_register.o)
 .debug_aranges
                0x00000000000002a0       0x20 ../Actividad3_bsp/\libhal_bsp.a(alt_io_redirect.o)
 .debug_aranges
                0x00000000000002c0       0x30 ../Actividad3_bsp/\libhal_bsp.a(alt_irq_entry.o)
 .debug_aranges
                0x00000000000002f0       0x20 ../Actividad3_bsp/\libhal_bsp.a(alt_irq_handler.o)
 .debug_aranges
                0x0000000000000310       0x18 ../Actividad3_bsp/\libhal_bsp.a(alt_irq_vars.o)
 .debug_aranges
                0x0000000000000328       0x20 ../Actividad3_bsp/\libhal_bsp.a(alt_open.o)
 .debug_aranges
                0x0000000000000348       0x20 ../Actividad3_bsp/\libhal_bsp.a(alt_release_fd.o)
 .debug_aranges
                0x0000000000000368       0x20 ../Actividad3_bsp/\libhal_bsp.a(alt_tick.o)
 .debug_aranges
                0x0000000000000388       0x20 ../Actividad3_bsp/\libhal_bsp.a(altera_nios2_gen2_irq.o)
 .debug_aranges
                0x00000000000003a8       0x38 ../Actividad3_bsp/\libhal_bsp.a(alt_exception_entry.o)
 .debug_aranges
                0x00000000000003e0       0x20 ../Actividad3_bsp/\libhal_bsp.a(alt_find_dev.o)
 .debug_aranges
                0x0000000000000400       0x20 ../Actividad3_bsp/\libhal_bsp.a(alt_find_file.o)
 .debug_aranges
                0x0000000000000420       0x20 ../Actividad3_bsp/\libhal_bsp.a(alt_get_fd.o)
 .debug_aranges
                0x0000000000000440       0x20 ../Actividad3_bsp/\libhal_bsp.a(alt_icache_flush.o)
 .debug_aranges
                0x0000000000000460       0x28 ../Actividad3_bsp/\libhal_bsp.a(alt_instruction_exception_entry.o)
 .debug_aranges
                0x0000000000000488       0x20 c:/intelfpga_lite/18.0/nios2eds/bin/gnu/h-x86_64-mingw32/bin/../lib/gcc/nios2-elf/5.3.0/../../../../../H-x86_64-mingw32/nios2-elf/lib\libc.a(lib_a-atexit.o)
 .debug_aranges
                0x00000000000004a8       0x20 c:/intelfpga_lite/18.0/nios2eds/bin/gnu/h-x86_64-mingw32/bin/../lib/gcc/nios2-elf/5.3.0/../../../../../H-x86_64-mingw32/nios2-elf/lib\libc.a(lib_a-exit.o)
 .debug_aranges
                0x00000000000004c8       0x18 c:/intelfpga_lite/18.0/nios2eds/bin/gnu/h-x86_64-mingw32/bin/../lib/gcc/nios2-elf/5.3.0/../../../../../H-x86_64-mingw32/nios2-elf/lib\libc.a(lib_a-impure.o)
 .debug_aranges
                0x00000000000004e0       0x18 c:/intelfpga_lite/18.0/nios2eds/bin/gnu/h-x86_64-mingw32/bin/../lib/gcc/nios2-elf/5.3.0/../../../../../H-x86_64-mingw32/nios2-elf/lib\libc.a(lib_a-int_errno.o)
 .debug_aranges
                0x00000000000004f8       0x20 c:/intelfpga_lite/18.0/nios2eds/bin/gnu/h-x86_64-mingw32/bin/../lib/gcc/nios2-elf/5.3.0/../../../../../H-x86_64-mingw32/nios2-elf/lib\libc.a(lib_a-memcmp.o)
 .debug_aranges
                0x0000000000000518       0x20 c:/intelfpga_lite/18.0/nios2eds/bin/gnu/h-x86_64-mingw32/bin/../lib/gcc/nios2-elf/5.3.0/../../../../../H-x86_64-mingw32/nios2-elf/lib\libc.a(lib_a-memcpy.o)
 .debug_aranges
                0x0000000000000538       0x20 c:/intelfpga_lite/18.0/nios2eds/bin/gnu/h-x86_64-mingw32/bin/../lib/gcc/nios2-elf/5.3.0/../../../../../H-x86_64-mingw32/nios2-elf/lib\libc.a(lib_a-strlen.o)
 .debug_aranges
                0x0000000000000558       0x20 c:/intelfpga_lite/18.0/nios2eds/bin/gnu/h-x86_64-mingw32/bin/../lib/gcc/nios2-elf/5.3.0/../../../../../H-x86_64-mingw32/nios2-elf/lib\libc.a(lib_a-__atexit.o)
 .debug_aranges
                0x0000000000000578       0x20 c:/intelfpga_lite/18.0/nios2eds/bin/gnu/h-x86_64-mingw32/bin/../lib/gcc/nios2-elf/5.3.0/../../../../../H-x86_64-mingw32/nios2-elf/lib\libc.a(lib_a-__call_atexit.o)
 .debug_aranges
                0x0000000000000598       0x20 ../Actividad3_bsp/\libhal_bsp.a(alt_exit.o)

.debug_pubnames
 *(.debug_pubnames)

.debug_info     0x0000000000000000     0x7578
 *(.debug_info .gnu.linkonce.wi.*)
 .debug_info    0x0000000000000000       0x8b ../Actividad3_bsp//obj/HAL/src/crt0.o
 .debug_info    0x000000000000008b       0xa1 obj/default/hello_world.o
 .debug_info    0x000000000000012c      0x145 ../Actividad3_bsp/\libhal_bsp.a(alt_load.o)
 .debug_info    0x0000000000000271      0x131 ../Actividad3_bsp/\libhal_bsp.a(alt_main.o)
 .debug_info    0x00000000000003a2      0x4c3 ../Actividad3_bsp/\libhal_bsp.a(alt_sys_init.o)
 .debug_info    0x0000000000000865      0x52e ../Actividad3_bsp/\libhal_bsp.a(altera_avalon_jtag_uart_fd.o)
 .debug_info    0x0000000000000d93      0x3a0 ../Actividad3_bsp/\libhal_bsp.a(altera_avalon_jtag_uart_init.o)
 .debug_info    0x0000000000001133      0x280 ../Actividad3_bsp/\libhal_bsp.a(altera_avalon_jtag_uart_ioctl.o)
 .debug_info    0x00000000000013b3      0x345 ../Actividad3_bsp/\libhal_bsp.a(altera_avalon_jtag_uart_read.o)
 .debug_info    0x00000000000016f8      0x340 ../Actividad3_bsp/\libhal_bsp.a(altera_avalon_jtag_uart_write.o)
 .debug_info    0x0000000000001a38      0x2cc ../Actividad3_bsp/\libhal_bsp.a(alt_alarm_start.o)
 .debug_info    0x0000000000001d04      0x321 ../Actividad3_bsp/\libhal_bsp.a(alt_close.o)
 .debug_info    0x0000000000002025       0xa5 ../Actividad3_bsp/\libhal_bsp.a(alt_dcache_flush_all.o)
 .debug_info    0x00000000000020ca      0x49c ../Actividad3_bsp/\libhal_bsp.a(alt_dev.o)
 .debug_info    0x0000000000002566      0x1a9 ../Actividad3_bsp/\libhal_bsp.a(alt_dev_llist_insert.o)
 .debug_info    0x000000000000270f       0x83 ../Actividad3_bsp/\libhal_bsp.a(alt_do_ctors.o)
 .debug_info    0x0000000000002792       0x83 ../Actividad3_bsp/\libhal_bsp.a(alt_do_dtors.o)
 .debug_info    0x0000000000002815       0xa6 ../Actividad3_bsp/\libhal_bsp.a(alt_errno.o)
 .debug_info    0x00000000000028bb       0x92 ../Actividad3_bsp/\libhal_bsp.a(alt_icache_flush_all.o)
 .debug_info    0x000000000000294d      0x350 ../Actividad3_bsp/\libhal_bsp.a(alt_iic.o)
 .debug_info    0x0000000000002c9d      0x1ef ../Actividad3_bsp/\libhal_bsp.a(alt_iic_isr_register.o)
 .debug_info    0x0000000000002e8c      0x4a5 ../Actividad3_bsp/\libhal_bsp.a(alt_io_redirect.o)
 .debug_info    0x0000000000003331       0x94 ../Actividad3_bsp/\libhal_bsp.a(alt_irq_entry.o)
 .debug_info    0x00000000000033c5      0x187 ../Actividad3_bsp/\libhal_bsp.a(alt_irq_handler.o)
 .debug_info    0x000000000000354c       0x88 ../Actividad3_bsp/\libhal_bsp.a(alt_irq_vars.o)
 .debug_info    0x00000000000035d4      0x3bb ../Actividad3_bsp/\libhal_bsp.a(alt_open.o)
 .debug_info    0x000000000000398f      0x2b0 ../Actividad3_bsp/\libhal_bsp.a(alt_release_fd.o)
 .debug_info    0x0000000000003c3f      0x299 ../Actividad3_bsp/\libhal_bsp.a(alt_tick.o)
 .debug_info    0x0000000000003ed8       0x92 ../Actividad3_bsp/\libhal_bsp.a(altera_nios2_gen2_irq.o)
 .debug_info    0x0000000000003f6a       0x9a ../Actividad3_bsp/\libhal_bsp.a(alt_exception_entry.o)
 .debug_info    0x0000000000004004      0x2e9 ../Actividad3_bsp/\libhal_bsp.a(alt_find_dev.o)
 .debug_info    0x00000000000042ed      0x2e6 ../Actividad3_bsp/\libhal_bsp.a(alt_find_file.o)
 .debug_info    0x00000000000045d3      0x310 ../Actividad3_bsp/\libhal_bsp.a(alt_get_fd.o)
 .debug_info    0x00000000000048e3       0xdc ../Actividad3_bsp/\libhal_bsp.a(alt_icache_flush.o)
 .debug_info    0x00000000000049bf      0x1e7 ../Actividad3_bsp/\libhal_bsp.a(alt_instruction_exception_entry.o)
 .debug_info    0x0000000000004ba6       0xfe c:/intelfpga_lite/18.0/nios2eds/bin/gnu/h-x86_64-mingw32/bin/../lib/gcc/nios2-elf/5.3.0/../../../../../H-x86_64-mingw32/nios2-elf/lib\libc.a(lib_a-atexit.o)
 .debug_info    0x0000000000004ca4      0x8e4 c:/intelfpga_lite/18.0/nios2eds/bin/gnu/h-x86_64-mingw32/bin/../lib/gcc/nios2-elf/5.3.0/../../../../../H-x86_64-mingw32/nios2-elf/lib\libc.a(lib_a-exit.o)
 .debug_info    0x0000000000005588      0x8a1 c:/intelfpga_lite/18.0/nios2eds/bin/gnu/h-x86_64-mingw32/bin/../lib/gcc/nios2-elf/5.3.0/../../../../../H-x86_64-mingw32/nios2-elf/lib\libc.a(lib_a-impure.o)
 .debug_info    0x0000000000005e29       0x8a c:/intelfpga_lite/18.0/nios2eds/bin/gnu/h-x86_64-mingw32/bin/../lib/gcc/nios2-elf/5.3.0/../../../../../H-x86_64-mingw32/nios2-elf/lib\libc.a(lib_a-int_errno.o)
 .debug_info    0x0000000000005eb3      0x11a c:/intelfpga_lite/18.0/nios2eds/bin/gnu/h-x86_64-mingw32/bin/../lib/gcc/nios2-elf/5.3.0/../../../../../H-x86_64-mingw32/nios2-elf/lib\libc.a(lib_a-memcmp.o)
 .debug_info    0x0000000000005fcd      0x144 c:/intelfpga_lite/18.0/nios2eds/bin/gnu/h-x86_64-mingw32/bin/../lib/gcc/nios2-elf/5.3.0/../../../../../H-x86_64-mingw32/nios2-elf/lib\libc.a(lib_a-memcpy.o)
 .debug_info    0x0000000000006111       0xe2 c:/intelfpga_lite/18.0/nios2eds/bin/gnu/h-x86_64-mingw32/bin/../lib/gcc/nios2-elf/5.3.0/../../../../../H-x86_64-mingw32/nios2-elf/lib\libc.a(lib_a-strlen.o)
 .debug_info    0x00000000000061f3      0x934 c:/intelfpga_lite/18.0/nios2eds/bin/gnu/h-x86_64-mingw32/bin/../lib/gcc/nios2-elf/5.3.0/../../../../../H-x86_64-mingw32/nios2-elf/lib\libc.a(lib_a-__atexit.o)
 .debug_info    0x0000000000006b27      0x965 c:/intelfpga_lite/18.0/nios2eds/bin/gnu/h-x86_64-mingw32/bin/../lib/gcc/nios2-elf/5.3.0/../../../../../H-x86_64-mingw32/nios2-elf/lib\libc.a(lib_a-__call_atexit.o)
 .debug_info    0x000000000000748c       0xec ../Actividad3_bsp/\libhal_bsp.a(alt_exit.o)

.debug_abbrev   0x0000000000000000     0x2938
 *(.debug_abbrev)
 .debug_abbrev  0x0000000000000000       0x12 ../Actividad3_bsp//obj/HAL/src/crt0.o
 .debug_abbrev  0x0000000000000012       0x4f obj/default/hello_world.o
 .debug_abbrev  0x0000000000000061       0x9f ../Actividad3_bsp/\libhal_bsp.a(alt_load.o)
 .debug_abbrev  0x0000000000000100       0xba ../Actividad3_bsp/\libhal_bsp.a(alt_main.o)
 .debug_abbrev  0x00000000000001ba      0x187 ../Actividad3_bsp/\libhal_bsp.a(alt_sys_init.o)
 .debug_abbrev  0x0000000000000341      0x127 ../Actividad3_bsp/\libhal_bsp.a(altera_avalon_jtag_uart_fd.o)
 .debug_abbrev  0x0000000000000468      0x19e ../Actividad3_bsp/\libhal_bsp.a(altera_avalon_jtag_uart_init.o)
 .debug_abbrev  0x0000000000000606      0x111 ../Actividad3_bsp/\libhal_bsp.a(altera_avalon_jtag_uart_ioctl.o)
 .debug_abbrev  0x0000000000000717      0x1aa ../Actividad3_bsp/\libhal_bsp.a(altera_avalon_jtag_uart_read.o)
 .debug_abbrev  0x00000000000008c1      0x1a8 ../Actividad3_bsp/\libhal_bsp.a(altera_avalon_jtag_uart_write.o)
 .debug_abbrev  0x0000000000000a69      0x162 ../Actividad3_bsp/\libhal_bsp.a(alt_alarm_start.o)
 .debug_abbrev  0x0000000000000bcb      0x11f ../Actividad3_bsp/\libhal_bsp.a(alt_close.o)
 .debug_abbrev  0x0000000000000cea       0x5a ../Actividad3_bsp/\libhal_bsp.a(alt_dcache_flush_all.o)
 .debug_abbrev  0x0000000000000d44       0xd9 ../Actividad3_bsp/\libhal_bsp.a(alt_dev.o)
 .debug_abbrev  0x0000000000000e1d      0x114 ../Actividad3_bsp/\libhal_bsp.a(alt_dev_llist_insert.o)
 .debug_abbrev  0x0000000000000f31       0x79 ../Actividad3_bsp/\libhal_bsp.a(alt_do_ctors.o)
 .debug_abbrev  0x0000000000000faa       0x79 ../Actividad3_bsp/\libhal_bsp.a(alt_do_dtors.o)
 .debug_abbrev  0x0000000000001023       0x5a ../Actividad3_bsp/\libhal_bsp.a(alt_errno.o)
 .debug_abbrev  0x000000000000107d       0x42 ../Actividad3_bsp/\libhal_bsp.a(alt_icache_flush_all.o)
 .debug_abbrev  0x00000000000010bf      0x163 ../Actividad3_bsp/\libhal_bsp.a(alt_iic.o)
 .debug_abbrev  0x0000000000001222      0x169 ../Actividad3_bsp/\libhal_bsp.a(alt_iic_isr_register.o)
 .debug_abbrev  0x000000000000138b      0x114 ../Actividad3_bsp/\libhal_bsp.a(alt_io_redirect.o)
 .debug_abbrev  0x000000000000149f       0x12 ../Actividad3_bsp/\libhal_bsp.a(alt_irq_entry.o)
 .debug_abbrev  0x00000000000014b1      0x122 ../Actividad3_bsp/\libhal_bsp.a(alt_irq_handler.o)
 .debug_abbrev  0x00000000000015d3       0x40 ../Actividad3_bsp/\libhal_bsp.a(alt_irq_vars.o)
 .debug_abbrev  0x0000000000001613      0x148 ../Actividad3_bsp/\libhal_bsp.a(alt_open.o)
 .debug_abbrev  0x000000000000175b       0xde ../Actividad3_bsp/\libhal_bsp.a(alt_release_fd.o)
 .debug_abbrev  0x0000000000001839      0x15a ../Actividad3_bsp/\libhal_bsp.a(alt_tick.o)
 .debug_abbrev  0x0000000000001993       0x42 ../Actividad3_bsp/\libhal_bsp.a(altera_nios2_gen2_irq.o)
 .debug_abbrev  0x00000000000019d5       0x12 ../Actividad3_bsp/\libhal_bsp.a(alt_exception_entry.o)
 .debug_abbrev  0x00000000000019e7       0xf0 ../Actividad3_bsp/\libhal_bsp.a(alt_find_dev.o)
 .debug_abbrev  0x0000000000001ad7       0xf0 ../Actividad3_bsp/\libhal_bsp.a(alt_find_file.o)
 .debug_abbrev  0x0000000000001bc7      0x10d ../Actividad3_bsp/\libhal_bsp.a(alt_get_fd.o)
 .debug_abbrev  0x0000000000001cd4       0x8c ../Actividad3_bsp/\libhal_bsp.a(alt_icache_flush.o)
 .debug_abbrev  0x0000000000001d60       0xdc ../Actividad3_bsp/\libhal_bsp.a(alt_instruction_exception_entry.o)
 .debug_abbrev  0x0000000000001e3c       0xaa c:/intelfpga_lite/18.0/nios2eds/bin/gnu/h-x86_64-mingw32/bin/../lib/gcc/nios2-elf/5.3.0/../../../../../H-x86_64-mingw32/nios2-elf/lib\libc.a(lib_a-atexit.o)
 .debug_abbrev  0x0000000000001ee6      0x1e5 c:/intelfpga_lite/18.0/nios2eds/bin/gnu/h-x86_64-mingw32/bin/../lib/gcc/nios2-elf/5.3.0/../../../../../H-x86_64-mingw32/nios2-elf/lib\libc.a(lib_a-exit.o)
 .debug_abbrev  0x00000000000020cb      0x18f c:/intelfpga_lite/18.0/nios2eds/bin/gnu/h-x86_64-mingw32/bin/../lib/gcc/nios2-elf/5.3.0/../../../../../H-x86_64-mingw32/nios2-elf/lib\libc.a(lib_a-impure.o)
 .debug_abbrev  0x000000000000225a       0x37 c:/intelfpga_lite/18.0/nios2eds/bin/gnu/h-x86_64-mingw32/bin/../lib/gcc/nios2-elf/5.3.0/../../../../../H-x86_64-mingw32/nios2-elf/lib\libc.a(lib_a-int_errno.o)
 .debug_abbrev  0x0000000000002291       0x7f c:/intelfpga_lite/18.0/nios2eds/bin/gnu/h-x86_64-mingw32/bin/../lib/gcc/nios2-elf/5.3.0/../../../../../H-x86_64-mingw32/nios2-elf/lib\libc.a(lib_a-memcmp.o)
 .debug_abbrev  0x0000000000002310       0xa3 c:/intelfpga_lite/18.0/nios2eds/bin/gnu/h-x86_64-mingw32/bin/../lib/gcc/nios2-elf/5.3.0/../../../../../H-x86_64-mingw32/nios2-elf/lib\libc.a(lib_a-memcpy.o)
 .debug_abbrev  0x00000000000023b3       0x90 c:/intelfpga_lite/18.0/nios2eds/bin/gnu/h-x86_64-mingw32/bin/../lib/gcc/nios2-elf/5.3.0/../../../../../H-x86_64-mingw32/nios2-elf/lib\libc.a(lib_a-strlen.o)
 .debug_abbrev  0x0000000000002443      0x21e c:/intelfpga_lite/18.0/nios2eds/bin/gnu/h-x86_64-mingw32/bin/../lib/gcc/nios2-elf/5.3.0/../../../../../H-x86_64-mingw32/nios2-elf/lib\libc.a(lib_a-__atexit.o)
 .debug_abbrev  0x0000000000002661      0x22e c:/intelfpga_lite/18.0/nios2eds/bin/gnu/h-x86_64-mingw32/bin/../lib/gcc/nios2-elf/5.3.0/../../../../../H-x86_64-mingw32/nios2-elf/lib\libc.a(lib_a-__call_atexit.o)
 .debug_abbrev  0x000000000000288f       0xa9 ../Actividad3_bsp/\libhal_bsp.a(alt_exit.o)

.debug_line     0x0000000000000000     0x2978
 *(.debug_line)
 .debug_line    0x0000000000000000       0x72 ../Actividad3_bsp//obj/HAL/src/crt0.o
 .debug_line    0x0000000000000072       0x6a obj/default/hello_world.o
 .debug_line    0x00000000000000dc       0x8e ../Actividad3_bsp/\libhal_bsp.a(alt_load.o)
 .debug_line    0x000000000000016a       0xa4 ../Actividad3_bsp/\libhal_bsp.a(alt_main.o)
 .debug_line    0x000000000000020e      0x137 ../Actividad3_bsp/\libhal_bsp.a(alt_sys_init.o)
 .debug_line    0x0000000000000345      0x12f ../Actividad3_bsp/\libhal_bsp.a(altera_avalon_jtag_uart_fd.o)
 .debug_line    0x0000000000000474      0x18b ../Actividad3_bsp/\libhal_bsp.a(altera_avalon_jtag_uart_init.o)
 .debug_line    0x00000000000005ff      0x131 ../Actividad3_bsp/\libhal_bsp.a(altera_avalon_jtag_uart_ioctl.o)
 .debug_line    0x0000000000000730      0x171 ../Actividad3_bsp/\libhal_bsp.a(altera_avalon_jtag_uart_read.o)
 .debug_line    0x00000000000008a1      0x170 ../Actividad3_bsp/\libhal_bsp.a(altera_avalon_jtag_uart_write.o)
 .debug_line    0x0000000000000a11       0xf9 ../Actividad3_bsp/\libhal_bsp.a(alt_alarm_start.o)
 .debug_line    0x0000000000000b0a      0x165 ../Actividad3_bsp/\libhal_bsp.a(alt_close.o)
 .debug_line    0x0000000000000c6f       0x61 ../Actividad3_bsp/\libhal_bsp.a(alt_dcache_flush_all.o)
 .debug_line    0x0000000000000cd0       0xf8 ../Actividad3_bsp/\libhal_bsp.a(alt_dev.o)
 .debug_line    0x0000000000000dc8       0xcf ../Actividad3_bsp/\libhal_bsp.a(alt_dev_llist_insert.o)
 .debug_line    0x0000000000000e97       0x59 ../Actividad3_bsp/\libhal_bsp.a(alt_do_ctors.o)
 .debug_line    0x0000000000000ef0       0x59 ../Actividad3_bsp/\libhal_bsp.a(alt_do_dtors.o)
 .debug_line    0x0000000000000f49       0x51 ../Actividad3_bsp/\libhal_bsp.a(alt_errno.o)
 .debug_line    0x0000000000000f9a       0x50 ../Actividad3_bsp/\libhal_bsp.a(alt_icache_flush_all.o)
 .debug_line    0x0000000000000fea       0xeb ../Actividad3_bsp/\libhal_bsp.a(alt_iic.o)
 .debug_line    0x00000000000010d5       0xdb ../Actividad3_bsp/\libhal_bsp.a(alt_iic_isr_register.o)
 .debug_line    0x00000000000011b0      0x133 ../Actividad3_bsp/\libhal_bsp.a(alt_io_redirect.o)
 .debug_line    0x00000000000012e3       0x6b ../Actividad3_bsp/\libhal_bsp.a(alt_irq_entry.o)
 .debug_line    0x000000000000134e       0xaa ../Actividad3_bsp/\libhal_bsp.a(alt_irq_handler.o)
 .debug_line    0x00000000000013f8       0x50 ../Actividad3_bsp/\libhal_bsp.a(alt_irq_vars.o)
 .debug_line    0x0000000000001448      0x128 ../Actividad3_bsp/\libhal_bsp.a(alt_open.o)
 .debug_line    0x0000000000001570       0xae ../Actividad3_bsp/\libhal_bsp.a(alt_release_fd.o)
 .debug_line    0x000000000000161e       0xff ../Actividad3_bsp/\libhal_bsp.a(alt_tick.o)
 .debug_line    0x000000000000171d       0x51 ../Actividad3_bsp/\libhal_bsp.a(altera_nios2_gen2_irq.o)
 .debug_line    0x000000000000176e       0xb3 ../Actividad3_bsp/\libhal_bsp.a(alt_exception_entry.o)
 .debug_line    0x0000000000001821       0xb5 ../Actividad3_bsp/\libhal_bsp.a(alt_find_dev.o)
 .debug_line    0x00000000000018d6       0xd1 ../Actividad3_bsp/\libhal_bsp.a(alt_find_file.o)
 .debug_line    0x00000000000019a7       0xd4 ../Actividad3_bsp/\libhal_bsp.a(alt_get_fd.o)
 .debug_line    0x0000000000001a7b       0x81 ../Actividad3_bsp/\libhal_bsp.a(alt_icache_flush.o)
 .debug_line    0x0000000000001afc       0xba ../Actividad3_bsp/\libhal_bsp.a(alt_instruction_exception_entry.o)
 .debug_line    0x0000000000001bb6       0xe4 c:/intelfpga_lite/18.0/nios2eds/bin/gnu/h-x86_64-mingw32/bin/../lib/gcc/nios2-elf/5.3.0/../../../../../H-x86_64-mingw32/nios2-elf/lib\libc.a(lib_a-atexit.o)
 .debug_line    0x0000000000001c9a      0x1f9 c:/intelfpga_lite/18.0/nios2eds/bin/gnu/h-x86_64-mingw32/bin/../lib/gcc/nios2-elf/5.3.0/../../../../../H-x86_64-mingw32/nios2-elf/lib\libc.a(lib_a-exit.o)
 .debug_line    0x0000000000001e93      0x15d c:/intelfpga_lite/18.0/nios2eds/bin/gnu/h-x86_64-mingw32/bin/../lib/gcc/nios2-elf/5.3.0/../../../../../H-x86_64-mingw32/nios2-elf/lib\libc.a(lib_a-impure.o)
 .debug_line    0x0000000000001ff0       0x5c c:/intelfpga_lite/18.0/nios2eds/bin/gnu/h-x86_64-mingw32/bin/../lib/gcc/nios2-elf/5.3.0/../../../../../H-x86_64-mingw32/nios2-elf/lib\libc.a(lib_a-int_errno.o)
 .debug_line    0x000000000000204c      0x173 c:/intelfpga_lite/18.0/nios2eds/bin/gnu/h-x86_64-mingw32/bin/../lib/gcc/nios2-elf/5.3.0/../../../../../H-x86_64-mingw32/nios2-elf/lib\libc.a(lib_a-memcmp.o)
 .debug_line    0x00000000000021bf      0x189 c:/intelfpga_lite/18.0/nios2eds/bin/gnu/h-x86_64-mingw32/bin/../lib/gcc/nios2-elf/5.3.0/../../../../../H-x86_64-mingw32/nios2-elf/lib\libc.a(lib_a-memcpy.o)
 .debug_line    0x0000000000002348      0x16c c:/intelfpga_lite/18.0/nios2eds/bin/gnu/h-x86_64-mingw32/bin/../lib/gcc/nios2-elf/5.3.0/../../../../../H-x86_64-mingw32/nios2-elf/lib\libc.a(lib_a-strlen.o)
 .debug_line    0x00000000000024b4      0x21c c:/intelfpga_lite/18.0/nios2eds/bin/gnu/h-x86_64-mingw32/bin/../lib/gcc/nios2-elf/5.3.0/../../../../../H-x86_64-mingw32/nios2-elf/lib\libc.a(lib_a-__atexit.o)
 .debug_line    0x00000000000026d0      0x237 c:/intelfpga_lite/18.0/nios2eds/bin/gnu/h-x86_64-mingw32/bin/../lib/gcc/nios2-elf/5.3.0/../../../../../H-x86_64-mingw32/nios2-elf/lib\libc.a(lib_a-__call_atexit.o)
 .debug_line    0x0000000000002907       0x71 ../Actividad3_bsp/\libhal_bsp.a(alt_exit.o)

.debug_frame    0x0000000000000000      0xaa0
 *(.debug_frame)
 .debug_frame   0x0000000000000000       0x2c obj/default/hello_world.o
 .debug_frame   0x000000000000002c       0x5c ../Actividad3_bsp/\libhal_bsp.a(alt_load.o)
 .debug_frame   0x0000000000000088       0x2c ../Actividad3_bsp/\libhal_bsp.a(alt_main.o)
 .debug_frame   0x00000000000000b4       0x88 ../Actividad3_bsp/\libhal_bsp.a(alt_sys_init.o)
 .debug_frame   0x000000000000013c       0xb0 ../Actividad3_bsp/\libhal_bsp.a(altera_avalon_jtag_uart_fd.o)
 .debug_frame   0x00000000000001ec       0xa4 ../Actividad3_bsp/\libhal_bsp.a(altera_avalon_jtag_uart_init.o)
 .debug_frame   0x0000000000000290       0x34 ../Actividad3_bsp/\libhal_bsp.a(altera_avalon_jtag_uart_ioctl.o)
 .debug_frame   0x00000000000002c4       0x38 ../Actividad3_bsp/\libhal_bsp.a(altera_avalon_jtag_uart_read.o)
 .debug_frame   0x00000000000002fc       0x38 ../Actividad3_bsp/\libhal_bsp.a(altera_avalon_jtag_uart_write.o)
 .debug_frame   0x0000000000000334       0x34 ../Actividad3_bsp/\libhal_bsp.a(alt_alarm_start.o)
 .debug_frame   0x0000000000000368       0x60 ../Actividad3_bsp/\libhal_bsp.a(alt_close.o)
 .debug_frame   0x00000000000003c8       0x34 ../Actividad3_bsp/\libhal_bsp.a(alt_dcache_flush_all.o)
 .debug_frame   0x00000000000003fc       0x34 ../Actividad3_bsp/\libhal_bsp.a(alt_dev.o)
 .debug_frame   0x0000000000000430       0x60 ../Actividad3_bsp/\libhal_bsp.a(alt_dev_llist_insert.o)
 .debug_frame   0x0000000000000490       0x38 ../Actividad3_bsp/\libhal_bsp.a(alt_do_ctors.o)
 .debug_frame   0x00000000000004c8       0x38 ../Actividad3_bsp/\libhal_bsp.a(alt_do_dtors.o)
 .debug_frame   0x0000000000000500       0x38 ../Actividad3_bsp/\libhal_bsp.a(alt_icache_flush_all.o)
 .debug_frame   0x0000000000000538       0xa4 ../Actividad3_bsp/\libhal_bsp.a(alt_iic.o)
 .debug_frame   0x00000000000005dc       0x38 ../Actividad3_bsp/\libhal_bsp.a(alt_iic_isr_register.o)
 .debug_frame   0x0000000000000614       0x60 ../Actividad3_bsp/\libhal_bsp.a(alt_io_redirect.o)
 .debug_frame   0x0000000000000674       0x38 ../Actividad3_bsp/\libhal_bsp.a(alt_irq_handler.o)
 .debug_frame   0x00000000000006ac       0x84 ../Actividad3_bsp/\libhal_bsp.a(alt_open.o)
 .debug_frame   0x0000000000000730       0x34 ../Actividad3_bsp/\libhal_bsp.a(alt_release_fd.o)
 .debug_frame   0x0000000000000764       0x5c ../Actividad3_bsp/\libhal_bsp.a(alt_tick.o)
 .debug_frame   0x00000000000007c0       0x34 ../Actividad3_bsp/\libhal_bsp.a(altera_nios2_gen2_irq.o)
 .debug_frame   0x00000000000007f4       0x38 ../Actividad3_bsp/\libhal_bsp.a(alt_find_dev.o)
 .debug_frame   0x000000000000082c       0x38 ../Actividad3_bsp/\libhal_bsp.a(alt_find_file.o)
 .debug_frame   0x0000000000000864       0x34 ../Actividad3_bsp/\libhal_bsp.a(alt_get_fd.o)
 .debug_frame   0x0000000000000898       0x34 ../Actividad3_bsp/\libhal_bsp.a(alt_icache_flush.o)
 .debug_frame   0x00000000000008cc       0x5c ../Actividad3_bsp/\libhal_bsp.a(alt_instruction_exception_entry.o)
 .debug_frame   0x0000000000000928       0x20 c:/intelfpga_lite/18.0/nios2eds/bin/gnu/h-x86_64-mingw32/bin/../lib/gcc/nios2-elf/5.3.0/../../../../../H-x86_64-mingw32/nios2-elf/lib\libc.a(lib_a-atexit.o)
 .debug_frame   0x0000000000000948       0x28 c:/intelfpga_lite/18.0/nios2eds/bin/gnu/h-x86_64-mingw32/bin/../lib/gcc/nios2-elf/5.3.0/../../../../../H-x86_64-mingw32/nios2-elf/lib\libc.a(lib_a-exit.o)
 .debug_frame   0x0000000000000970       0x20 c:/intelfpga_lite/18.0/nios2eds/bin/gnu/h-x86_64-mingw32/bin/../lib/gcc/nios2-elf/5.3.0/../../../../../H-x86_64-mingw32/nios2-elf/lib\libc.a(lib_a-memcmp.o)
 .debug_frame   0x0000000000000990       0x38 c:/intelfpga_lite/18.0/nios2eds/bin/gnu/h-x86_64-mingw32/bin/../lib/gcc/nios2-elf/5.3.0/../../../../../H-x86_64-mingw32/nios2-elf/lib\libc.a(lib_a-memcpy.o)
 .debug_frame   0x00000000000009c8       0x20 c:/intelfpga_lite/18.0/nios2eds/bin/gnu/h-x86_64-mingw32/bin/../lib/gcc/nios2-elf/5.3.0/../../../../../H-x86_64-mingw32/nios2-elf/lib\libc.a(lib_a-strlen.o)
 .debug_frame   0x00000000000009e8       0x38 c:/intelfpga_lite/18.0/nios2eds/bin/gnu/h-x86_64-mingw32/bin/../lib/gcc/nios2-elf/5.3.0/../../../../../H-x86_64-mingw32/nios2-elf/lib\libc.a(lib_a-__atexit.o)
 .debug_frame   0x0000000000000a20       0x54 c:/intelfpga_lite/18.0/nios2eds/bin/gnu/h-x86_64-mingw32/bin/../lib/gcc/nios2-elf/5.3.0/../../../../../H-x86_64-mingw32/nios2-elf/lib\libc.a(lib_a-__call_atexit.o)
 .debug_frame   0x0000000000000a74       0x2c ../Actividad3_bsp/\libhal_bsp.a(alt_exit.o)

.debug_str      0x0000000000000000     0x1a23
 *(.debug_str)
 .debug_str     0x0000000000000000      0x113 obj/default/hello_world.o
                                        0x151 (size before relaxing)
 .debug_str     0x0000000000000113      0x148 ../Actividad3_bsp/\libhal_bsp.a(alt_load.o)
                                        0x22c (size before relaxing)
 .debug_str     0x000000000000025b       0x70 ../Actividad3_bsp/\libhal_bsp.a(alt_main.o)
                                        0x1b7 (size before relaxing)
 .debug_str     0x00000000000002cb      0x194 ../Actividad3_bsp/\libhal_bsp.a(alt_sys_init.o)
                                        0x36b (size before relaxing)
 .debug_str     0x000000000000045f       0xb9 ../Actividad3_bsp/\libhal_bsp.a(altera_avalon_jtag_uart_fd.o)
                                        0x3be (size before relaxing)
 .debug_str     0x0000000000000518       0xd1 ../Actividad3_bsp/\libhal_bsp.a(altera_avalon_jtag_uart_init.o)
                                        0x352 (size before relaxing)
 .debug_str     0x00000000000005e9       0x4a ../Actividad3_bsp/\libhal_bsp.a(altera_avalon_jtag_uart_ioctl.o)
                                        0x2ad (size before relaxing)
 .debug_str     0x0000000000000633       0x7f ../Actividad3_bsp/\libhal_bsp.a(altera_avalon_jtag_uart_read.o)
                                        0x302 (size before relaxing)
 .debug_str     0x00000000000006b2       0x4a ../Actividad3_bsp/\libhal_bsp.a(altera_avalon_jtag_uart_write.o)
                                        0x303 (size before relaxing)
 .debug_str     0x00000000000006fc       0x59 ../Actividad3_bsp/\libhal_bsp.a(alt_alarm_start.o)
                                        0x298 (size before relaxing)
 .debug_str     0x0000000000000755       0x44 ../Actividad3_bsp/\libhal_bsp.a(alt_close.o)
                                        0x225 (size before relaxing)
 .debug_str     0x0000000000000799       0x34 ../Actividad3_bsp/\libhal_bsp.a(alt_dcache_flush_all.o)
                                        0x16f (size before relaxing)
 .debug_str     0x00000000000007cd      0x120 ../Actividad3_bsp/\libhal_bsp.a(alt_dev.o)
                                        0x31f (size before relaxing)
 .debug_str     0x00000000000008ed       0x34 ../Actividad3_bsp/\libhal_bsp.a(alt_dev_llist_insert.o)
                                        0x1e6 (size before relaxing)
 .debug_str     0x0000000000000921       0x48 ../Actividad3_bsp/\libhal_bsp.a(alt_do_ctors.o)
                                         0xea (size before relaxing)
 .debug_str     0x0000000000000969       0x4c ../Actividad3_bsp/\libhal_bsp.a(alt_do_dtors.o)
                                         0xe9 (size before relaxing)
 .debug_str     0x00000000000009b5       0x14 ../Actividad3_bsp/\libhal_bsp.a(alt_errno.o)
                                        0x15f (size before relaxing)
 .debug_str     0x00000000000009c9       0x34 ../Actividad3_bsp/\libhal_bsp.a(alt_icache_flush_all.o)
                                        0x16f (size before relaxing)
 .debug_str     0x00000000000009fd       0xc4 ../Actividad3_bsp/\libhal_bsp.a(alt_iic.o)
                                        0x258 (size before relaxing)
 .debug_str     0x0000000000000ac1       0x4c ../Actividad3_bsp/\libhal_bsp.a(alt_iic_isr_register.o)
                                        0x202 (size before relaxing)
 .debug_str     0x0000000000000b0d       0x56 ../Actividad3_bsp/\libhal_bsp.a(alt_io_redirect.o)
                                        0x330 (size before relaxing)
 .debug_str     0x0000000000000b63       0x3a ../Actividad3_bsp/\libhal_bsp.a(alt_irq_handler.o)
                                        0x1b1 (size before relaxing)
 .debug_str     0x0000000000000b9d       0x17 ../Actividad3_bsp/\libhal_bsp.a(alt_irq_vars.o)
                                        0x154 (size before relaxing)
 .debug_str     0x0000000000000bb4       0x2f ../Actividad3_bsp/\libhal_bsp.a(alt_open.o)
                                        0x265 (size before relaxing)
 .debug_str     0x0000000000000be3       0x28 ../Actividad3_bsp/\libhal_bsp.a(alt_release_fd.o)
                                        0x1ed (size before relaxing)
 .debug_str     0x0000000000000c0b       0x4a ../Actividad3_bsp/\libhal_bsp.a(alt_tick.o)
                                        0x26c (size before relaxing)
 .debug_str     0x0000000000000c55       0x3b ../Actividad3_bsp/\libhal_bsp.a(altera_nios2_gen2_irq.o)
                                        0x176 (size before relaxing)
 .debug_str     0x0000000000000c90       0x24 ../Actividad3_bsp/\libhal_bsp.a(alt_find_dev.o)
                                        0x206 (size before relaxing)
 .debug_str     0x0000000000000cb4       0x26 ../Actividad3_bsp/\libhal_bsp.a(alt_find_file.o)
                                        0x214 (size before relaxing)
 .debug_str     0x0000000000000cda       0x30 ../Actividad3_bsp/\libhal_bsp.a(alt_get_fd.o)
                                        0x236 (size before relaxing)
 .debug_str     0x0000000000000d0a       0x2c ../Actividad3_bsp/\libhal_bsp.a(alt_icache_flush.o)
                                        0x175 (size before relaxing)
 .debug_str     0x0000000000000d36      0x48b ../Actividad3_bsp/\libhal_bsp.a(alt_instruction_exception_entry.o)
                                        0x5ba (size before relaxing)
 .debug_str     0x00000000000011c1      0x162 c:/intelfpga_lite/18.0/nios2eds/bin/gnu/h-x86_64-mingw32/bin/../lib/gcc/nios2-elf/5.3.0/../../../../../H-x86_64-mingw32/nios2-elf/lib\libc.a(lib_a-atexit.o)
                                        0x207 (size before relaxing)
 .debug_str     0x0000000000001323      0x3b2 c:/intelfpga_lite/18.0/nios2eds/bin/gnu/h-x86_64-mingw32/bin/../lib/gcc/nios2-elf/5.3.0/../../../../../H-x86_64-mingw32/nios2-elf/lib\libc.a(lib_a-exit.o)
                                        0x5a4 (size before relaxing)
 .debug_str     0x00000000000016d5       0xc8 c:/intelfpga_lite/18.0/nios2eds/bin/gnu/h-x86_64-mingw32/bin/../lib/gcc/nios2-elf/5.3.0/../../../../../H-x86_64-mingw32/nios2-elf/lib\libc.a(lib_a-impure.o)
                                        0x59b (size before relaxing)
 .debug_str     0x000000000000179d       0x3c c:/intelfpga_lite/18.0/nios2eds/bin/gnu/h-x86_64-mingw32/bin/../lib/gcc/nios2-elf/5.3.0/../../../../../H-x86_64-mingw32/nios2-elf/lib\libc.a(lib_a-int_errno.o)
                                        0x1c3 (size before relaxing)
 .debug_str     0x00000000000017d9       0xcc c:/intelfpga_lite/18.0/nios2eds/bin/gnu/h-x86_64-mingw32/bin/../lib/gcc/nios2-elf/5.3.0/../../../../../H-x86_64-mingw32/nios2-elf/lib\libc.a(lib_a-memcmp.o)
                                        0x1ca (size before relaxing)
 .debug_str     0x00000000000018a5       0x68 c:/intelfpga_lite/18.0/nios2eds/bin/gnu/h-x86_64-mingw32/bin/../lib/gcc/nios2-elf/5.3.0/../../../../../H-x86_64-mingw32/nios2-elf/lib\libc.a(lib_a-memcpy.o)
                                        0x1f1 (size before relaxing)
 .debug_str     0x000000000000190d       0x4e c:/intelfpga_lite/18.0/nios2eds/bin/gnu/h-x86_64-mingw32/bin/../lib/gcc/nios2-elf/5.3.0/../../../../../H-x86_64-mingw32/nios2-elf/lib\libc.a(lib_a-strlen.o)
                                        0x1dd (size before relaxing)
 .debug_str     0x000000000000195b       0x3c c:/intelfpga_lite/18.0/nios2eds/bin/gnu/h-x86_64-mingw32/bin/../lib/gcc/nios2-elf/5.3.0/../../../../../H-x86_64-mingw32/nios2-elf/lib\libc.a(lib_a-__atexit.o)
                                        0x5dc (size before relaxing)
 .debug_str     0x0000000000001997       0x62 c:/intelfpga_lite/18.0/nios2eds/bin/gnu/h-x86_64-mingw32/bin/../lib/gcc/nios2-elf/5.3.0/../../../../../H-x86_64-mingw32/nios2-elf/lib\libc.a(lib_a-__call_atexit.o)
                                        0x5c8 (size before relaxing)
 .debug_str     0x00000000000019f9       0x2a ../Actividad3_bsp/\libhal_bsp.a(alt_exit.o)
                                        0x16b (size before relaxing)

.debug_loc      0x0000000000000000      0x770
 *(.debug_loc)
 .debug_loc     0x0000000000000000       0x2c c:/intelfpga_lite/18.0/nios2eds/bin/gnu/h-x86_64-mingw32/bin/../lib/gcc/nios2-elf/5.3.0/../../../../../H-x86_64-mingw32/nios2-elf/lib\libc.a(lib_a-atexit.o)
 .debug_loc     0x000000000000002c       0x1e c:/intelfpga_lite/18.0/nios2eds/bin/gnu/h-x86_64-mingw32/bin/../lib/gcc/nios2-elf/5.3.0/../../../../../H-x86_64-mingw32/nios2-elf/lib\libc.a(lib_a-exit.o)
 .debug_loc     0x000000000000004a      0x126 c:/intelfpga_lite/18.0/nios2eds/bin/gnu/h-x86_64-mingw32/bin/../lib/gcc/nios2-elf/5.3.0/../../../../../H-x86_64-mingw32/nios2-elf/lib\libc.a(lib_a-memcmp.o)
 .debug_loc     0x0000000000000170      0x266 c:/intelfpga_lite/18.0/nios2eds/bin/gnu/h-x86_64-mingw32/bin/../lib/gcc/nios2-elf/5.3.0/../../../../../H-x86_64-mingw32/nios2-elf/lib\libc.a(lib_a-memcpy.o)
 .debug_loc     0x00000000000003d6       0x47 c:/intelfpga_lite/18.0/nios2eds/bin/gnu/h-x86_64-mingw32/bin/../lib/gcc/nios2-elf/5.3.0/../../../../../H-x86_64-mingw32/nios2-elf/lib\libc.a(lib_a-strlen.o)
 .debug_loc     0x000000000000041d      0x185 c:/intelfpga_lite/18.0/nios2eds/bin/gnu/h-x86_64-mingw32/bin/../lib/gcc/nios2-elf/5.3.0/../../../../../H-x86_64-mingw32/nios2-elf/lib\libc.a(lib_a-__atexit.o)
 .debug_loc     0x00000000000005a2      0x1ce c:/intelfpga_lite/18.0/nios2eds/bin/gnu/h-x86_64-mingw32/bin/../lib/gcc/nios2-elf/5.3.0/../../../../../H-x86_64-mingw32/nios2-elf/lib\libc.a(lib_a-__call_atexit.o)

.debug_macinfo
 *(.debug_macinfo)

.debug_weaknames
 *(.debug_weaknames)

.debug_funcnames
 *(.debug_funcnames)

.debug_typenames
 *(.debug_typenames)

.debug_varnames
 *(.debug_varnames)

.debug_alt_sim_info
                0x0000000000000000       0x30
 *(.debug_alt_sim_info)
 .debug_alt_sim_info
                0x0000000000000000       0x30 ../Actividad3_bsp//obj/HAL/src/crt0.o
                0x0000000000072000                __alt_data_end = 0x72000
                0x0000000000072000                PROVIDE (__alt_stack_pointer, __alt_data_end)
                [!provide]                        PROVIDE (__alt_stack_limit, __alt_stack_base)
                [!provide]                        PROVIDE (__alt_heap_start, end)
                [!provide]                        PROVIDE (__alt_heap_limit, 0x72000)
OUTPUT(Actividad3.elf elf32-littlenios2)

.debug_ranges   0x0000000000000000      0x178
 .debug_ranges  0x0000000000000000       0x20 ../Actividad3_bsp//obj/HAL/src/crt0.o
 .debug_ranges  0x0000000000000020       0x30 ../Actividad3_bsp/\libhal_bsp.a(altera_avalon_jtag_uart_init.o)
 .debug_ranges  0x0000000000000050       0x18 ../Actividad3_bsp/\libhal_bsp.a(altera_avalon_jtag_uart_read.o)
 .debug_ranges  0x0000000000000068       0x28 ../Actividad3_bsp/\libhal_bsp.a(alt_irq_entry.o)
 .debug_ranges  0x0000000000000090       0x10 ../Actividad3_bsp/\libhal_bsp.a(alt_irq_handler.o)
 .debug_ranges  0x00000000000000a0       0x30 ../Actividad3_bsp/\libhal_bsp.a(alt_exception_entry.o)
 .debug_ranges  0x00000000000000d0       0x18 ../Actividad3_bsp/\libhal_bsp.a(alt_instruction_exception_entry.o)
 .debug_ranges  0x00000000000000e8       0x10 c:/intelfpga_lite/18.0/nios2eds/bin/gnu/h-x86_64-mingw32/bin/../lib/gcc/nios2-elf/5.3.0/../../../../../H-x86_64-mingw32/nios2-elf/lib\libc.a(lib_a-atexit.o)
 .debug_ranges  0x00000000000000f8       0x10 c:/intelfpga_lite/18.0/nios2eds/bin/gnu/h-x86_64-mingw32/bin/../lib/gcc/nios2-elf/5.3.0/../../../../../H-x86_64-mingw32/nios2-elf/lib\libc.a(lib_a-exit.o)
 .debug_ranges  0x0000000000000108       0x10 c:/intelfpga_lite/18.0/nios2eds/bin/gnu/h-x86_64-mingw32/bin/../lib/gcc/nios2-elf/5.3.0/../../../../../H-x86_64-mingw32/nios2-elf/lib\libc.a(lib_a-memcmp.o)
 .debug_ranges  0x0000000000000118       0x10 c:/intelfpga_lite/18.0/nios2eds/bin/gnu/h-x86_64-mingw32/bin/../lib/gcc/nios2-elf/5.3.0/../../../../../H-x86_64-mingw32/nios2-elf/lib\libc.a(lib_a-memcpy.o)
 .debug_ranges  0x0000000000000128       0x10 c:/intelfpga_lite/18.0/nios2eds/bin/gnu/h-x86_64-mingw32/bin/../lib/gcc/nios2-elf/5.3.0/../../../../../H-x86_64-mingw32/nios2-elf/lib\libc.a(lib_a-strlen.o)
 .debug_ranges  0x0000000000000138       0x10 c:/intelfpga_lite/18.0/nios2eds/bin/gnu/h-x86_64-mingw32/bin/../lib/gcc/nios2-elf/5.3.0/../../../../../H-x86_64-mingw32/nios2-elf/lib\libc.a(lib_a-__atexit.o)
 .debug_ranges  0x0000000000000148       0x30 c:/intelfpga_lite/18.0/nios2eds/bin/gnu/h-x86_64-mingw32/bin/../lib/gcc/nios2-elf/5.3.0/../../../../../H-x86_64-mingw32/nios2-elf/lib\libc.a(lib_a-__call_atexit.o)
