------------------------------------------------------------
Timing Analyzer Summary
------------------------------------------------------------

Type  : Slow 1100mV 85C Model Setup 'KEY[2]'
Slack : -4.613
TNS   : -278.412

Type  : Slow 1100mV 85C Model Setup 'KEY[1]'
Slack : -0.194
TNS   : -0.585

Type  : Slow 1100mV 85C Model Setup 'KEY[3]'
Slack : -0.155
TNS   : -0.297

Type  : Slow 1100mV 85C Model Hold 'KEY[1]'
Slack : 0.322
TNS   : 0.000

Type  : Slow 1100mV 85C Model Hold 'KEY[3]'
Slack : 0.436
TNS   : 0.000

Type  : Slow 1100mV 85C Model Hold 'KEY[2]'
Slack : 2.228
TNS   : 0.000

Type  : Slow 1100mV 85C Model Minimum Pulse Width 'KEY[2]'
Slack : -0.526
TNS   : -56.185

Type  : Slow 1100mV 85C Model Minimum Pulse Width 'KEY[1]'
Slack : -0.520
TNS   : -3.787

Type  : Slow 1100mV 85C Model Minimum Pulse Width 'KEY[3]'
Slack : -0.394
TNS   : -1.968

Type  : Slow 1100mV 0C Model Setup 'KEY[2]'
Slack : -4.505
TNS   : -273.716

Type  : Slow 1100mV 0C Model Setup 'KEY[1]'
Slack : -0.228
TNS   : -0.736

Type  : Slow 1100mV 0C Model Setup 'KEY[3]'
Slack : -0.196
TNS   : -0.420

Type  : Slow 1100mV 0C Model Hold 'KEY[1]'
Slack : 0.303
TNS   : 0.000

Type  : Slow 1100mV 0C Model Hold 'KEY[3]'
Slack : 0.447
TNS   : 0.000

Type  : Slow 1100mV 0C Model Hold 'KEY[2]'
Slack : 2.195
TNS   : 0.000

Type  : Slow 1100mV 0C Model Minimum Pulse Width 'KEY[2]'
Slack : -0.622
TNS   : -63.037

Type  : Slow 1100mV 0C Model Minimum Pulse Width 'KEY[1]'
Slack : -0.500
TNS   : -3.767

Type  : Slow 1100mV 0C Model Minimum Pulse Width 'KEY[3]'
Slack : -0.394
TNS   : -1.839

Type  : Fast 1100mV 85C Model Setup 'KEY[2]'
Slack : -2.509
TNS   : -139.079

Type  : Fast 1100mV 85C Model Setup 'KEY[1]'
Slack : 0.289
TNS   : 0.000

Type  : Fast 1100mV 85C Model Setup 'KEY[3]'
Slack : 0.296
TNS   : 0.000

Type  : Fast 1100mV 85C Model Hold 'KEY[1]'
Slack : 0.184
TNS   : 0.000

Type  : Fast 1100mV 85C Model Hold 'KEY[3]'
Slack : 0.200
TNS   : 0.000

Type  : Fast 1100mV 85C Model Hold 'KEY[2]'
Slack : 0.878
TNS   : 0.000

Type  : Fast 1100mV 85C Model Minimum Pulse Width 'KEY[2]'
Slack : -0.756
TNS   : -70.244

Type  : Fast 1100mV 85C Model Minimum Pulse Width 'KEY[1]'
Slack : -0.632
TNS   : -4.597

Type  : Fast 1100mV 85C Model Minimum Pulse Width 'KEY[3]'
Slack : -0.390
TNS   : -1.747

Type  : Fast 1100mV 0C Model Setup 'KEY[2]'
Slack : -2.100
TNS   : -117.159

Type  : Fast 1100mV 0C Model Setup 'KEY[1]'
Slack : 0.315
TNS   : 0.000

Type  : Fast 1100mV 0C Model Setup 'KEY[3]'
Slack : 0.343
TNS   : 0.000

Type  : Fast 1100mV 0C Model Hold 'KEY[1]'
Slack : 0.171
TNS   : 0.000

Type  : Fast 1100mV 0C Model Hold 'KEY[3]'
Slack : 0.190
TNS   : 0.000

Type  : Fast 1100mV 0C Model Hold 'KEY[2]'
Slack : 0.701
TNS   : 0.000

Type  : Fast 1100mV 0C Model Minimum Pulse Width 'KEY[2]'
Slack : -0.802
TNS   : -77.767

Type  : Fast 1100mV 0C Model Minimum Pulse Width 'KEY[1]'
Slack : -0.658
TNS   : -4.954

Type  : Fast 1100mV 0C Model Minimum Pulse Width 'KEY[3]'
Slack : -0.430
TNS   : -2.165

------------------------------------------------------------
